Archive member included to satisfy reference by file (symbol)

mpu_9250/libpico_mpu_9250_object.a(mpuObject.cpp.obj)
                              ColectData/CMakeFiles/getData.dir/getData.cpp.obj (mpu9250::mpu9250(unsigned char, unsigned char))
mpu_9250/libpico_mpu_9250_object.a(mpu9250.c.obj)
                              mpu_9250/libpico_mpu_9250_object.a(mpuObject.cpp.obj) (read_acceleration)
c:/progra~1/raspbe~1/picosd~1.1/gcc-ar~1/bin/../lib/gcc/arm-none-eabi/10.3.1/thumb/v6-m/nofp\libgcc.a(_dvmd_tls.o)
                              ColectData/CMakeFiles/getData.dir/C_/Program_Files/Raspberry_Pi/Pico_SDK_v1.5.1/pico-sdk/src/rp2_common/pico_divider/divider.S.obj (__aeabi_idiv0)
c:/progra~1/raspbe~1/picosd~1.1/gcc-ar~1/bin/../lib/gcc/arm-none-eabi/10.3.1/../../../../arm-none-eabi/lib/thumb/v6-m/nofp\libg.a(lib_a-calloc.o)
                              ColectData/CMakeFiles/getData.dir/C_/Program_Files/Raspberry_Pi/Pico_SDK_v1.5.1/pico-sdk/src/rp2_common/pico_malloc/pico_malloc.c.obj (calloc)
c:/progra~1/raspbe~1/picosd~1.1/gcc-ar~1/bin/../lib/gcc/arm-none-eabi/10.3.1/../../../../arm-none-eabi/lib/thumb/v6-m/nofp\libg.a(lib_a-callocr.o)
                              c:/progra~1/raspbe~1/picosd~1.1/gcc-ar~1/bin/../lib/gcc/arm-none-eabi/10.3.1/../../../../arm-none-eabi/lib/thumb/v6-m/nofp\libg.a(lib_a-calloc.o) (_calloc_r)
c:/progra~1/raspbe~1/picosd~1.1/gcc-ar~1/bin/../lib/gcc/arm-none-eabi/10.3.1/../../../../arm-none-eabi/lib/thumb/v6-m/nofp\libg.a(lib_a-errno.o)
                              c:/progra~1/raspbe~1/picosd~1.1/gcc-ar~1/bin/../lib/gcc/arm-none-eabi/10.3.1/../../../../arm-none-eabi/lib/thumb/v6-m/nofp\libg.a(lib_a-callocr.o) (__errno)
c:/progra~1/raspbe~1/picosd~1.1/gcc-ar~1/bin/../lib/gcc/arm-none-eabi/10.3.1/../../../../arm-none-eabi/lib/thumb/v6-m/nofp\libg.a(lib_a-impure.o)
                              c:/progra~1/raspbe~1/picosd~1.1/gcc-ar~1/bin/../lib/gcc/arm-none-eabi/10.3.1/../../../../arm-none-eabi/lib/thumb/v6-m/nofp\libg.a(lib_a-calloc.o) (_impure_ptr)
c:/progra~1/raspbe~1/picosd~1.1/gcc-ar~1/bin/../lib/gcc/arm-none-eabi/10.3.1/../../../../arm-none-eabi/lib/thumb/v6-m/nofp\libg.a(lib_a-init.o)
                              c:/progra~1/raspbe~1/picosd~1.1/gcc-ar~1/bin/../lib/gcc/arm-none-eabi/10.3.1/../../../../arm-none-eabi/lib/thumb/v6-m/nofp/crt0.o (__libc_init_array)
c:/progra~1/raspbe~1/picosd~1.1/gcc-ar~1/bin/../lib/gcc/arm-none-eabi/10.3.1/../../../../arm-none-eabi/lib/thumb/v6-m/nofp\libg.a(lib_a-malloc.o)
                              ColectData/CMakeFiles/getData.dir/C_/Program_Files/Raspberry_Pi/Pico_SDK_v1.5.1/pico-sdk/src/rp2_common/pico_malloc/pico_malloc.c.obj (malloc)
c:/progra~1/raspbe~1/picosd~1.1/gcc-ar~1/bin/../lib/gcc/arm-none-eabi/10.3.1/../../../../arm-none-eabi/lib/thumb/v6-m/nofp\libg.a(lib_a-mallocr.o)
                              c:/progra~1/raspbe~1/picosd~1.1/gcc-ar~1/bin/../lib/gcc/arm-none-eabi/10.3.1/../../../../arm-none-eabi/lib/thumb/v6-m/nofp\libg.a(lib_a-callocr.o) (_malloc_r)
c:/progra~1/raspbe~1/picosd~1.1/gcc-ar~1/bin/../lib/gcc/arm-none-eabi/10.3.1/../../../../arm-none-eabi/lib/thumb/v6-m/nofp\libg.a(lib_a-mlock.o)
                              c:/progra~1/raspbe~1/picosd~1.1/gcc-ar~1/bin/../lib/gcc/arm-none-eabi/10.3.1/../../../../arm-none-eabi/lib/thumb/v6-m/nofp\libg.a(lib_a-mallocr.o) (__malloc_lock)
c:/progra~1/raspbe~1/picosd~1.1/gcc-ar~1/bin/../lib/gcc/arm-none-eabi/10.3.1/../../../../arm-none-eabi/lib/thumb/v6-m/nofp\libg.a(lib_a-realloc.o)
                              ColectData/CMakeFiles/getData.dir/C_/Program_Files/Raspberry_Pi/Pico_SDK_v1.5.1/pico-sdk/src/rp2_common/pico_malloc/pico_malloc.c.obj (realloc)
c:/progra~1/raspbe~1/picosd~1.1/gcc-ar~1/bin/../lib/gcc/arm-none-eabi/10.3.1/../../../../arm-none-eabi/lib/thumb/v6-m/nofp\libg.a(lib_a-reallocr.o)
                              c:/progra~1/raspbe~1/picosd~1.1/gcc-ar~1/bin/../lib/gcc/arm-none-eabi/10.3.1/../../../../arm-none-eabi/lib/thumb/v6-m/nofp\libg.a(lib_a-realloc.o) (_realloc_r)
c:/progra~1/raspbe~1/picosd~1.1/gcc-ar~1/bin/../lib/gcc/arm-none-eabi/10.3.1/../../../../arm-none-eabi/lib/thumb/v6-m/nofp\libg.a(lib_a-sbrkr.o)
                              c:/progra~1/raspbe~1/picosd~1.1/gcc-ar~1/bin/../lib/gcc/arm-none-eabi/10.3.1/../../../../arm-none-eabi/lib/thumb/v6-m/nofp\libg.a(lib_a-mallocr.o) (_sbrk_r)
c:/progra~1/raspbe~1/picosd~1.1/gcc-ar~1/bin/../lib/gcc/arm-none-eabi/10.3.1/../../../../arm-none-eabi/lib/thumb/v6-m/nofp\libg.a(lib_a-strlen-stub.o)
                              ColectData/CMakeFiles/getData.dir/C_/Program_Files/Raspberry_Pi/Pico_SDK_v1.5.1/pico-sdk/src/rp2_common/pico_stdio/stdio.c.obj (strlen)
c:/progra~1/raspbe~1/picosd~1.1/gcc-ar~1/bin/../lib/gcc/arm-none-eabi/10.3.1/../../../../arm-none-eabi/lib/thumb/v6-m/nofp\libg.a(lib_a-freer.o)
                              c:/progra~1/raspbe~1/picosd~1.1/gcc-ar~1/bin/../lib/gcc/arm-none-eabi/10.3.1/../../../../arm-none-eabi/lib/thumb/v6-m/nofp\libg.a(lib_a-malloc.o) (_free_r)
[...]
Memory Configuration

Name             Origin             Length             Attributes
FLASH            0x10000000         0x00200000         xr
RAM              0x20000000         0x00040000         xrw
SCRATCH_X        0x20040000         0x00001000         xrw
SCRATCH_Y        0x20041000         0x00001000         xrw
*default*        0x00000000         0xffffffff

Linker script and memory map

LOAD c:/progra~1/raspbe~1/picosd~1.1/gcc-ar~1/bin/../lib/gcc/arm-none-eabi/10.3.1/thumb/v6-m/nofp/crti.o
LOAD c:/progra~1/raspbe~1/picosd~1.1/gcc-ar~1/bin/../lib/gcc/arm-none-eabi/10.3.1/thumb/v6-m/nofp/crtbegin.o
LOAD c:/progra~1/raspbe~1/picosd~1.1/gcc-ar~1/bin/../lib/gcc/arm-none-eabi/10.3.1/../../../../arm-none-eabi/lib/thumb/v6-m/nofp/crt0.o

.flash_begin    0x10000000        0x0
                0x10000000                __flash_binary_start = .

.boot2          0x10000000      0x100
                0x10000000                __boot2_start__ = .
 *(.boot2)
 .boot2         0x10000000      0x100 C:\Users\Danu\AppData\Local\Temp\ccUSz8Ip.o
                0x10000100                __boot2_end__ = .
                0x00000001                ASSERT (((__boot2_end__ - __boot2_start__) == 0x100), ERROR: Pico second stage bootloader must be 256 bytes in size)

.text           0x10000100     0x72e8
                0x10000100                __logical_binary_start = .
 *(.vectors)
 .vectors       0x10000100       0xd4 ColectData/CMakeFiles/getData.dir/C_/Program_Files/Raspberry_Pi/Pico_SDK_v1.5.1/pico-sdk/src/rp2_common/pico_standard_link/crt0.S.obj
                0x10000100                __VECTOR_TABLE
                0x10000100                __vectors
                0x100001c0                isr_invalid
                0x100001c0                __default_isrs_start
                0x100001c2                isr_nmi
                0x100001c4                isr_hardfault
                0x100001c6                isr_svcall
                0x100001c8                isr_pendsv
                0x100001ca                isr_systick
                0x100001cc                isr_irq23
                0x100001cc                isr_irq18
                0x100001cc                isr_irq11
                0x100001cc                isr_irq28
                0x100001cc                isr_irq19
                0x100001cc                isr_irq0
                0x100001cc                isr_irq6
                0x100001cc                isr_irq5
                0x100001cc                isr_irq12
                0x100001cc                isr_irq22
                0x100001cc                isr_irq31
                0x100001cc                isr_irq17
                0x100001cc                isr_irq27
                0x100001cc                isr_irq30
                0x100001cc                isr_irq2
                0x100001cc                isr_irq10
                0x100001cc                isr_irq8
                0x100001cc                isr_irq24
                0x100001cc                isr_irq1
                0x100001cc                isr_irq7
                0x100001cc                isr_irq21
                0x100001cc                isr_irq20
                0x100001cc                isr_irq15
                0x100001cc                isr_irq25
                0x100001cc                isr_irq13
                0x100001cc                __unhandled_user_irq
                0x100001cc                isr_irq4
                0x100001cc                isr_irq16
                0x100001cc                isr_irq29
                0x100001cc                isr_irq26
                0x100001cc                __default_isrs_end
                0x100001cc                isr_irq3
                0x100001cc                isr_irq14
                0x100001cc                isr_irq9
                0x100001d2                unhandled_user_irq_num_in_r0
 *(.binary_info_header)
 .binary_info_header
                0x100001d4       0x14 ColectData/CMakeFiles/getData.dir/C_/Program_Files/Raspberry_Pi/Pico_SDK_v1.5.1/pico-sdk/src/rp2_common/pico_standard_link/crt0.S.obj
                0x100001e8                __binary_info_header_end = .
 *(.reset)
 .reset         0x100001e8       0xa0 ColectData/CMakeFiles/getData.dir/C_/Program_Files/Raspberry_Pi/Pico_SDK_v1.5.1/pico-sdk/src/rp2_common/pico_standard_link/crt0.S.obj
                0x100001e8                _entry_point
 .reset         0x10000288       0x30 ColectData/CMakeFiles/getData.dir/C_/Program_Files/Raspberry_Pi/Pico_SDK_v1.5.1/pico-sdk/src/rp2_common/pico_standard_link/binary_info.c.obj
 *(.init)
 .init          0x100002b8        0x4 c:/progra~1/raspbe~1/picosd~1.1/gcc-ar~1/bin/../lib/gcc/arm-none-eabi/10.3.1/thumb/v6-m/nofp/crti.o
                0x100002b8                _init
 *(EXCLUDE_FILE(*libm.a: *libc.a:*lib_a-mem*.o *libgcc.a:) .text*)
 .text          0x100002bc       0x48 c:/progra~1/raspbe~1/picosd~1.1/gcc-ar~1/bin/../lib/gcc/arm-none-eabi/10.3.1/thumb/v6-m/nofp/crtbegin.o
 .text._Z41__static_initialization_and_destruction_0ii
                0x10000304       0x24 ColectData/CMakeFiles/getData.dir/getData.cpp.obj
 .text.main     0x10000328       0x58 ColectData/CMakeFiles/getData.dir/getData.cpp.obj
                0x10000328                main
 .text._GLOBAL__sub_I_mpu
                0x10000380       0x10 ColectData/CMakeFiles/getData.dir/getData.cpp.obj
 .text.gpio_set_function
                0x10000390       0x30 ColectData/CMakeFiles/getData.dir/C_/Program_Files/Raspberry_Pi/Pico_SDK_v1.5.1/pico-sdk/src/rp2_common/hardware_gpio/gpio.c.obj
                0x10000390                gpio_set_function
 .text.gpio_set_pulls
                0x100003c0       0x34 ColectData/CMakeFiles/getData.dir/C_/Program_Files/Raspberry_Pi/Pico_SDK_v1.5.1/pico-sdk/src/rp2_common/hardware_gpio/gpio.c.obj
                0x100003c0                gpio_set_pulls
 .text.running_on_fpga
                0x100003f4       0x14 ColectData/CMakeFiles/getData.dir/C_/Program_Files/Raspberry_Pi/Pico_SDK_v1.5.1/pico-sdk/src/rp2_common/pico_platform/platform.c.obj
                0x100003f4                running_on_fpga
 .text.hw_claim_lock
                0x10000408       0x18 ColectData/CMakeFiles/getData.dir/C_/Program_Files/Raspberry_Pi/Pico_SDK_v1.5.1/pico-sdk/src/rp2_common/hardware_claim/claim.c.obj
                0x10000408                hw_claim_lock
 .text.hw_claim_unlock
                0x10000420       0x14 ColectData/CMakeFiles/getData.dir/C_/Program_Files/Raspberry_Pi/Pico_SDK_v1.5.1/pico-sdk/src/rp2_common/hardware_claim/claim.c.obj
                0x10000420                hw_claim_unlock
 .text.hw_claim_or_assert
                0x10000434       0x32 ColectData/CMakeFiles/getData.dir/C_/Program_Files/Raspberry_Pi/Pico_SDK_v1.5.1/pico-sdk/src/rp2_common/hardware_claim/claim.c.obj
                0x10000434                hw_claim_or_assert
 .text.hw_claim_unused_from_range
                0x10000466       0x50 ColectData/CMakeFiles/getData.dir/C_/Program_Files/Raspberry_Pi/Pico_SDK_v1.5.1/pico-sdk/src/rp2_common/hardware_claim/claim.c.obj
                0x10000466                hw_claim_unused_from_range
 *fill*         0x100004b6        0x2 
 .text.spin_locks_reset
                0x100004b8       0x20 ColectData/CMakeFiles/getData.dir/C_/Program_Files/Raspberry_Pi/Pico_SDK_v1.5.1/pico-sdk/src/rp2_common/hardware_sync/sync.c.obj
                0x100004b8                spin_locks_reset
 .text.next_striped_spin_lock_num
                0x100004d8       0x1c ColectData/CMakeFiles/getData.dir/C_/Program_Files/Raspberry_Pi/Pico_SDK_v1.5.1/pico-sdk/src/rp2_common/hardware_sync/sync.c.obj
                0x100004d8                next_striped_spin_lock_num
 .text.spin_lock_claim_unused
                0x100004f4       0x20 ColectData/CMakeFiles/getData.dir/C_/Program_Files/Raspberry_Pi/Pico_SDK_v1.5.1/pico-sdk/src/rp2_common/hardware_sync/sync.c.obj
                0x100004f4                spin_lock_claim_unused
 .text.set_raw_irq_handler_and_unlock
                0x10000514       0x28 ColectData/CMakeFiles/getData.dir/C_/Program_Files/Raspberry_Pi/Pico_SDK_v1.5.1/pico-sdk/src/rp2_common/hardware_irq/irq.c.obj
 .text.make_branch
                0x1000053c       0x48 ColectData/CMakeFiles/getData.dir/C_/Program_Files/Raspberry_Pi/Pico_SDK_v1.5.1/pico-sdk/src/rp2_common/hardware_irq/irq.c.obj
 .text.insert_branch_and_link
                0x10000584       0x40 ColectData/CMakeFiles/getData.dir/C_/Program_Files/Raspberry_Pi/Pico_SDK_v1.5.1/pico-sdk/src/rp2_common/hardware_irq/irq.c.obj
 .text.irq_is_enabled
                0x100005c4       0x18 ColectData/CMakeFiles/getData.dir/C_/Program_Files/Raspberry_Pi/Pico_SDK_v1.5.1/pico-sdk/src/rp2_common/hardware_irq/irq.c.obj
                0x100005c4                irq_is_enabled
 .text.irq_set_mask_enabled
                0x100005dc       0x20 ColectData/CMakeFiles/getData.dir/C_/Program_Files/Raspberry_Pi/Pico_SDK_v1.5.1/pico-sdk/src/rp2_common/hardware_irq/irq.c.obj
                0x100005dc                irq_set_mask_enabled
 .text.irq_set_enabled
                0x100005fc        0xe ColectData/CMakeFiles/getData.dir/C_/Program_Files/Raspberry_Pi/Pico_SDK_v1.5.1/pico-sdk/src/rp2_common/hardware_irq/irq.c.obj
                0x100005fc                irq_set_enabled
 *fill*         0x1000060a        0x2 
 .text.irq_set_pending
                0x1000060c       0x10 ColectData/CMakeFiles/getData.dir/C_/Program_Files/Raspberry_Pi/Pico_SDK_v1.5.1/pico-sdk/src/rp2_common/hardware_irq/irq.c.obj
                0x1000060c                irq_set_pending
 .text.irq_get_vtable_handler
                0x1000061c       0x10 ColectData/CMakeFiles/getData.dir/C_/Program_Files/Raspberry_Pi/Pico_SDK_v1.5.1/pico-sdk/src/rp2_common/hardware_irq/irq.c.obj
                0x1000061c                irq_get_vtable_handler
 .text.irq_has_shared_handler
                0x1000062c       0x24 ColectData/CMakeFiles/getData.dir/C_/Program_Files/Raspberry_Pi/Pico_SDK_v1.5.1/pico-sdk/src/rp2_common/hardware_irq/irq.c.obj
                0x1000062c                irq_has_shared_handler
 .text.irq_set_exclusive_handler
                0x10000650       0x54 ColectData/CMakeFiles/getData.dir/C_/Program_Files/Raspberry_Pi/Pico_SDK_v1.5.1/pico-sdk/src/rp2_common/hardware_irq/irq.c.obj
                0x10000650                irq_set_exclusive_handler
 .text.irq_add_shared_handler
                0x100006a4      0x234 ColectData/CMakeFiles/getData.dir/C_/Program_Files/Raspberry_Pi/Pico_SDK_v1.5.1/pico-sdk/src/rp2_common/hardware_irq/irq.c.obj
                0x100006a4                irq_add_shared_handler
 .text.irq_remove_handler
                0x100008d8      0x1ac ColectData/CMakeFiles/getData.dir/C_/Program_Files/Raspberry_Pi/Pico_SDK_v1.5.1/pico-sdk/src/rp2_common/hardware_irq/irq.c.obj
                0x100008d8                irq_remove_handler
 .text.irq_add_tail_to_free_list
                0x10000a84       0xf0 ColectData/CMakeFiles/getData.dir/C_/Program_Files/Raspberry_Pi/Pico_SDK_v1.5.1/pico-sdk/src/rp2_common/hardware_irq/irq.c.obj
                0x10000a84                irq_add_tail_to_free_list
 .text.irq_init_priorities
                0x10000b74       0x1c ColectData/CMakeFiles/getData.dir/C_/Program_Files/Raspberry_Pi/Pico_SDK_v1.5.1/pico-sdk/src/rp2_common/hardware_irq/irq.c.obj
                0x10000b74                irq_init_priorities
 .text.user_irq_claim_unused
                0x10000b90       0x28 ColectData/CMakeFiles/getData.dir/C_/Program_Files/Raspberry_Pi/Pico_SDK_v1.5.1/pico-sdk/src/rp2_common/hardware_irq/irq.c.obj
                0x10000b90                user_irq_claim_unused
 .text.lock_init
                0x10000bb8       0x10 ColectData/CMakeFiles/getData.dir/C_/Program_Files/Raspberry_Pi/Pico_SDK_v1.5.1/pico-sdk/src/common/pico_sync/lock_core.c.obj
                0x10000bb8                lock_init
 .text.mutex_init
                0x10000bc8       0x1a ColectData/CMakeFiles/getData.dir/C_/Program_Files/Raspberry_Pi/Pico_SDK_v1.5.1/pico-sdk/src/common/pico_sync/mutex.c.obj
                0x10000bc8                mutex_init
 .text.recursive_mutex_init
                0x10000be2       0x1e ColectData/CMakeFiles/getData.dir/C_/Program_Files/Raspberry_Pi/Pico_SDK_v1.5.1/pico-sdk/src/common/pico_sync/mutex.c.obj
                0x10000be2                recursive_mutex_init
 .text.critical_section_init_with_lock_num
                0x10000c00       0x14 ColectData/CMakeFiles/getData.dir/C_/Program_Files/Raspberry_Pi/Pico_SDK_v1.5.1/pico-sdk/src/common/pico_sync/critical_section.c.obj
                0x10000c00                critical_section_init_with_lock_num
 .text.critical_section_init
                0x10000c14       0x14 ColectData/CMakeFiles/getData.dir/C_/Program_Files/Raspberry_Pi/Pico_SDK_v1.5.1/pico-sdk/src/common/pico_sync/critical_section.c.obj
                0x10000c14                critical_section_init
 .text.alarm_pool_post_alloc_init
                0x10000c28       0x40 ColectData/CMakeFiles/getData.dir/C_/Program_Files/Raspberry_Pi/Pico_SDK_v1.5.1/pico-sdk/src/common/pico_time/time.c.obj
 .text.sleep_until_callback
                0x10000c68       0x30 ColectData/CMakeFiles/getData.dir/C_/Program_Files/Raspberry_Pi/Pico_SDK_v1.5.1/pico-sdk/src/common/pico_time/time.c.obj
 .text.timer_pool_entry_comparator
                0x10000c98       0x7c ColectData/CMakeFiles/getData.dir/C_/Program_Files/Raspberry_Pi/Pico_SDK_v1.5.1/pico-sdk/src/common/pico_time/time.c.obj
                0x10000c98                timer_pool_entry_comparator
 .text.ph_add_child_node
                0x10000d14       0xa4 ColectData/CMakeFiles/getData.dir/C_/Program_Files/Raspberry_Pi/Pico_SDK_v1.5.1/pico-sdk/src/common/pico_time/time.c.obj
 .text.ph_merge_nodes
                0x10000db8       0x3e ColectData/CMakeFiles/getData.dir/C_/Program_Files/Raspberry_Pi/Pico_SDK_v1.5.1/pico-sdk/src/common/pico_time/time.c.obj
 *fill*         0x10000df6        0x2 
 .text.add_alarm_under_lock
                0x10000df8      0x174 ColectData/CMakeFiles/getData.dir/C_/Program_Files/Raspberry_Pi/Pico_SDK_v1.5.1/pico-sdk/src/common/pico_time/time.c.obj
 .text.alarm_pool_alarm_callback
                0x10000f6c      0x33c ColectData/CMakeFiles/getData.dir/C_/Program_Files/Raspberry_Pi/Pico_SDK_v1.5.1/pico-sdk/src/common/pico_time/time.c.obj
 .text.alarm_pool_init_default
                0x100012a8       0x40 ColectData/CMakeFiles/getData.dir/C_/Program_Files/Raspberry_Pi/Pico_SDK_v1.5.1/pico-sdk/src/common/pico_time/time.c.obj
                0x100012a8                alarm_pool_init_default
 .text.alarm_pool_get_default
                0x100012e8       0x2c ColectData/CMakeFiles/getData.dir/C_/Program_Files/Raspberry_Pi/Pico_SDK_v1.5.1/pico-sdk/src/common/pico_time/time.c.obj
                0x100012e8                alarm_pool_get_default
 .text.alarm_pool_add_alarm_at
                0x10001314      0x168 ColectData/CMakeFiles/getData.dir/C_/Program_Files/Raspberry_Pi/Pico_SDK_v1.5.1/pico-sdk/src/common/pico_time/time.c.obj
                0x10001314                alarm_pool_add_alarm_at
 .text.alarm_pool_cancel_alarm
                0x1000147c       0xf8 ColectData/CMakeFiles/getData.dir/C_/Program_Files/Raspberry_Pi/Pico_SDK_v1.5.1/pico-sdk/src/common/pico_time/time.c.obj
                0x1000147c                alarm_pool_cancel_alarm
 .text.alarm_pool_core_num
                0x10001574        0x4 ColectData/CMakeFiles/getData.dir/C_/Program_Files/Raspberry_Pi/Pico_SDK_v1.5.1/pico-sdk/src/common/pico_time/time.c.obj
                0x10001574                alarm_pool_core_num
 .text.sleep_until
                0x10001578       0xfc ColectData/CMakeFiles/getData.dir/C_/Program_Files/Raspberry_Pi/Pico_SDK_v1.5.1/pico-sdk/src/common/pico_time/time.c.obj
                0x10001578                sleep_until
 .text.sleep_us
                0x10001674       0x58 ColectData/CMakeFiles/getData.dir/C_/Program_Files/Raspberry_Pi/Pico_SDK_v1.5.1/pico-sdk/src/common/pico_time/time.c.obj
                0x10001674                sleep_us
 .text.sleep_ms
                0x100016cc       0x14 ColectData/CMakeFiles/getData.dir/C_/Program_Files/Raspberry_Pi/Pico_SDK_v1.5.1/pico-sdk/src/common/pico_time/time.c.obj
                0x100016cc                sleep_ms
 .text.best_effort_wfe_or_timeout
                0x100016e0       0xac ColectData/CMakeFiles/getData.dir/C_/Program_Files/Raspberry_Pi/Pico_SDK_v1.5.1/pico-sdk/src/common/pico_time/time.c.obj
                0x100016e0                best_effort_wfe_or_timeout
 .text.hardware_alarm_irq_handler
                0x1000178c       0x90 ColectData/CMakeFiles/getData.dir/C_/Program_Files/Raspberry_Pi/Pico_SDK_v1.5.1/pico-sdk/src/rp2_common/hardware_timer/timer.c.obj
 .text.hardware_alarm_claim
                0x1000181c       0x18 ColectData/CMakeFiles/getData.dir/C_/Program_Files/Raspberry_Pi/Pico_SDK_v1.5.1/pico-sdk/src/rp2_common/hardware_timer/timer.c.obj
                0x1000181c                hardware_alarm_claim
 .text.time_us_64
                0x10001834       0x18 ColectData/CMakeFiles/getData.dir/C_/Program_Files/Raspberry_Pi/Pico_SDK_v1.5.1/pico-sdk/src/rp2_common/hardware_timer/timer.c.obj
                0x10001834                time_us_64
 .text.busy_wait_until
                0x1000184c       0x28 ColectData/CMakeFiles/getData.dir/C_/Program_Files/Raspberry_Pi/Pico_SDK_v1.5.1/pico-sdk/src/rp2_common/hardware_timer/timer.c.obj
                0x1000184c                busy_wait_until
 .text.hardware_alarm_set_callback
                0x10001874       0x90 ColectData/CMakeFiles/getData.dir/C_/Program_Files/Raspberry_Pi/Pico_SDK_v1.5.1/pico-sdk/src/rp2_common/hardware_timer/timer.c.obj
                0x10001874                hardware_alarm_set_callback
 .text.hardware_alarm_set_target
                0x10001904       0xe8 ColectData/CMakeFiles/getData.dir/C_/Program_Files/Raspberry_Pi/Pico_SDK_v1.5.1/pico-sdk/src/rp2_common/hardware_timer/timer.c.obj
                0x10001904                hardware_alarm_set_target
 .text.hardware_alarm_cancel
                0x100019ec       0x40 ColectData/CMakeFiles/getData.dir/C_/Program_Files/Raspberry_Pi/Pico_SDK_v1.5.1/pico-sdk/src/rp2_common/hardware_timer/timer.c.obj
                0x100019ec                hardware_alarm_cancel
 .text.ph_add_child_node
                0x10001a2c       0xa4 ColectData/CMakeFiles/getData.dir/C_/Program_Files/Raspberry_Pi/Pico_SDK_v1.5.1/pico-sdk/src/common/pico_util/pheap.c.obj
 .text.ph_merge_nodes
                0x10001ad0       0x3e ColectData/CMakeFiles/getData.dir/C_/Program_Files/Raspberry_Pi/Pico_SDK_v1.5.1/pico-sdk/src/common/pico_util/pheap.c.obj
 *fill*         0x10001b0e        0x2 
 .text.ph_clear
                0x10001b10       0x70 ColectData/CMakeFiles/getData.dir/C_/Program_Files/Raspberry_Pi/Pico_SDK_v1.5.1/pico-sdk/src/common/pico_util/pheap.c.obj
                0x10001b10                ph_clear
 .text.ph_post_alloc_init
                0x10001b80        0xe ColectData/CMakeFiles/getData.dir/C_/Program_Files/Raspberry_Pi/Pico_SDK_v1.5.1/pico-sdk/src/common/pico_util/pheap.c.obj
                0x10001b80                ph_post_alloc_init
 *fill*         0x10001b8e        0x2 
 .text.ph_merge_two_pass
                0x10001b90       0xa8 ColectData/CMakeFiles/getData.dir/C_/Program_Files/Raspberry_Pi/Pico_SDK_v1.5.1/pico-sdk/src/common/pico_util/pheap.c.obj
                0x10001b90                ph_merge_two_pass
 .text.ph_remove_any_head
                0x10001c38      0x128 ColectData/CMakeFiles/getData.dir/C_/Program_Files/Raspberry_Pi/Pico_SDK_v1.5.1/pico-sdk/src/common/pico_util/pheap.c.obj
 .text.ph_remove_head
                0x10001d60       0x14 ColectData/CMakeFiles/getData.dir/C_/Program_Files/Raspberry_Pi/Pico_SDK_v1.5.1/pico-sdk/src/common/pico_util/pheap.c.obj
                0x10001d60                ph_remove_head
 .text.ph_remove_and_free_node
                0x10001d74       0xf8 ColectData/CMakeFiles/getData.dir/C_/Program_Files/Raspberry_Pi/Pico_SDK_v1.5.1/pico-sdk/src/common/pico_util/pheap.c.obj
                0x10001d74                ph_remove_and_free_node
 .text.clock_configure
                0x10001e6c      0x108 ColectData/CMakeFiles/getData.dir/C_/Program_Files/Raspberry_Pi/Pico_SDK_v1.5.1/pico-sdk/src/rp2_common/hardware_clocks/clocks.c.obj
                0x10001e6c                clock_configure
 .text.clocks_init
                0x10001f74      0x100 ColectData/CMakeFiles/getData.dir/C_/Program_Files/Raspberry_Pi/Pico_SDK_v1.5.1/pico-sdk/src/rp2_common/hardware_clocks/clocks.c.obj
                0x10001f74                clocks_init
 .text.clock_get_hz
                0x10002074        0xc ColectData/CMakeFiles/getData.dir/C_/Program_Files/Raspberry_Pi/Pico_SDK_v1.5.1/pico-sdk/src/rp2_common/hardware_clocks/clocks.c.obj
                0x10002074                clock_get_hz
 .text.pll_init
                0x10002080      0x120 ColectData/CMakeFiles/getData.dir/C_/Program_Files/Raspberry_Pi/Pico_SDK_v1.5.1/pico-sdk/src/rp2_common/hardware_pll/pll.c.obj
                0x10002080                pll_init
 .text.watchdog_start_tick
                0x100021a0       0x10 ColectData/CMakeFiles/getData.dir/C_/Program_Files/Raspberry_Pi/Pico_SDK_v1.5.1/pico-sdk/src/rp2_common/hardware_watchdog/watchdog.c.obj
                0x100021a0                watchdog_start_tick
 .text.watchdog_update
                0x100021b0       0x14 ColectData/CMakeFiles/getData.dir/C_/Program_Files/Raspberry_Pi/Pico_SDK_v1.5.1/pico-sdk/src/rp2_common/hardware_watchdog/watchdog.c.obj
                0x100021b0                watchdog_update
 .text._watchdog_enable
                0x100021c4       0x78 ColectData/CMakeFiles/getData.dir/C_/Program_Files/Raspberry_Pi/Pico_SDK_v1.5.1/pico-sdk/src/rp2_common/hardware_watchdog/watchdog.c.obj
                0x100021c4                _watchdog_enable
 .text.watchdog_reboot
                0x1000223c       0x48 ColectData/CMakeFiles/getData.dir/C_/Program_Files/Raspberry_Pi/Pico_SDK_v1.5.1/pico-sdk/src/rp2_common/hardware_watchdog/watchdog.c.obj
                0x1000223c                watchdog_reboot
 .text.xosc_init
                0x10002284       0x28 ColectData/CMakeFiles/getData.dir/C_/Program_Files/Raspberry_Pi/Pico_SDK_v1.5.1/pico-sdk/src/rp2_common/hardware_xosc/xosc.c.obj
                0x10002284                xosc_init
 .text._exit    0x100022ac        0x4 ColectData/CMakeFiles/getData.dir/C_/Program_Files/Raspberry_Pi/Pico_SDK_v1.5.1/pico-sdk/src/rp2_common/pico_runtime/runtime.c.obj
                0x100022ac                _exit
 .text.exit     0x100022b0        0x6 ColectData/CMakeFiles/getData.dir/C_/Program_Files/Raspberry_Pi/Pico_SDK_v1.5.1/pico-sdk/src/rp2_common/pico_runtime/runtime.c.obj
                0x100022b0                exit
 *fill*         0x100022b6        0x2 
 .text.__assert_func
                0x100022b8       0x3c ColectData/CMakeFiles/getData.dir/C_/Program_Files/Raspberry_Pi/Pico_SDK_v1.5.1/pico-sdk/src/rp2_common/pico_runtime/runtime.c.obj
                0x100022b8                __assert_func
 .text.runtime_init
                0x100022f4       0xf8 ColectData/CMakeFiles/getData.dir/C_/Program_Files/Raspberry_Pi/Pico_SDK_v1.5.1/pico-sdk/src/rp2_common/pico_runtime/runtime.c.obj
                0x100022f4                runtime_init
 .text.panic    0x100023ec       0x30 ColectData/CMakeFiles/getData.dir/C_/Program_Files/Raspberry_Pi/Pico_SDK_v1.5.1/pico-sdk/src/rp2_common/pico_runtime/runtime.c.obj
                0x100023ec                panic
 .text._out_null
                0x1000241c        0x2 ColectData/CMakeFiles/getData.dir/C_/Program_Files/Raspberry_Pi/Pico_SDK_v1.5.1/pico-sdk/src/rp2_common/pico_printf/printf.c.obj
 .text._out_fct
                0x1000241e        0xe ColectData/CMakeFiles/getData.dir/C_/Program_Files/Raspberry_Pi/Pico_SDK_v1.5.1/pico-sdk/src/rp2_common/pico_printf/printf.c.obj
 .text._atoi    0x1000242c       0x24 ColectData/CMakeFiles/getData.dir/C_/Program_Files/Raspberry_Pi/Pico_SDK_v1.5.1/pico-sdk/src/rp2_common/pico_printf/printf.c.obj
 .text._out_rev
                0x10002450       0xae ColectData/CMakeFiles/getData.dir/C_/Program_Files/Raspberry_Pi/Pico_SDK_v1.5.1/pico-sdk/src/rp2_common/pico_printf/printf.c.obj
 .text._ntoa_format
                0x100024fe      0x112 ColectData/CMakeFiles/getData.dir/C_/Program_Files/Raspberry_Pi/Pico_SDK_v1.5.1/pico-sdk/src/rp2_common/pico_printf/printf.c.obj
 .text._ntoa_long
                0x10002610       0xbc ColectData/CMakeFiles/getData.dir/C_/Program_Files/Raspberry_Pi/Pico_SDK_v1.5.1/pico-sdk/src/rp2_common/pico_printf/printf.c.obj
 .text._ntoa_long_long
                0x100026cc       0xe2 ColectData/CMakeFiles/getData.dir/C_/Program_Files/Raspberry_Pi/Pico_SDK_v1.5.1/pico-sdk/src/rp2_common/pico_printf/printf.c.obj
 *fill*         0x100027ae        0x2 
 .text._etoa    0x100027b0      0x414 ColectData/CMakeFiles/getData.dir/C_/Program_Files/Raspberry_Pi/Pico_SDK_v1.5.1/pico-sdk/src/rp2_common/pico_printf/printf.c.obj
 .text._ftoa    0x10002bc4      0x354 ColectData/CMakeFiles/getData.dir/C_/Program_Files/Raspberry_Pi/Pico_SDK_v1.5.1/pico-sdk/src/rp2_common/pico_printf/printf.c.obj
 .text._vsnprintf
                0x10002f18      0x624 ColectData/CMakeFiles/getData.dir/C_/Program_Files/Raspberry_Pi/Pico_SDK_v1.5.1/pico-sdk/src/rp2_common/pico_printf/printf.c.obj
 .text.vfctprintf
                0x1000353c       0x20 ColectData/CMakeFiles/getData.dir/C_/Program_Files/Raspberry_Pi/Pico_SDK_v1.5.1/pico-sdk/src/rp2_common/pico_printf/printf.c.obj
                0x1000353c                vfctprintf
 .text          0x1000355c       0x10 ColectData/CMakeFiles/getData.dir/C_/Program_Files/Raspberry_Pi/Pico_SDK_v1.5.1/pico-sdk/src/rp2_common/pico_bit_ops/bit_ops_aeabi.S.obj
 .text.rom_func_lookup
                0x1000356c       0x10 ColectData/CMakeFiles/getData.dir/C_/Program_Files/Raspberry_Pi/Pico_SDK_v1.5.1/pico-sdk/src/rp2_common/pico_bootrom/bootrom.c.obj
                0x1000356c                rom_func_lookup
 .text.rom_data_lookup
                0x1000357c       0x10 ColectData/CMakeFiles/getData.dir/C_/Program_Files/Raspberry_Pi/Pico_SDK_v1.5.1/pico-sdk/src/rp2_common/pico_bootrom/bootrom.c.obj
                0x1000357c                rom_data_lookup
 .text.rom_funcs_lookup
                0x1000358c       0x36 ColectData/CMakeFiles/getData.dir/C_/Program_Files/Raspberry_Pi/Pico_SDK_v1.5.1/pico-sdk/src/rp2_common/pico_bootrom/bootrom.c.obj
                0x1000358c                rom_funcs_lookup
 *fill*         0x100035c2        0x2 
 .text.__wrap___aeabi_idiv
                0x100035c4       0x50 ColectData/CMakeFiles/getData.dir/C_/Program_Files/Raspberry_Pi/Pico_SDK_v1.5.1/pico-sdk/src/rp2_common/pico_divider/divider.S.obj
                0x100035c4                __wrap___aeabi_idivmod
                0x100035c4                divmod_s32s32
                0x100035c4                div_s32s32
                0x100035c4                __wrap___aeabi_idiv
                0x100035cc                divmod_s32s32_unsafe
                0x100035f8                divmod_s32s32_savestate
 .text.__wrap___aeabi_uidiv
                0x10003614       0x4c ColectData/CMakeFiles/getData.dir/C_/Program_Files/Raspberry_Pi/Pico_SDK_v1.5.1/pico-sdk/src/rp2_common/pico_divider/divider.S.obj
                0x10003614                __wrap___aeabi_uidiv
                0x10003614                __wrap___aeabi_uidivmod
                0x10003614                div_u32u32
                0x10003614                divmod_u32u32
                0x1000361c                divmod_u32u32_unsafe
                0x10003644                divmod_u32u32_savestate
 .text.__wrap___aeabi_ldiv
                0x10003660      0x424 ColectData/CMakeFiles/getData.dir/C_/Program_Files/Raspberry_Pi/Pico_SDK_v1.5.1/pico-sdk/src/rp2_common/pico_divider/divider.S.obj
                0x10003660                div_s64s64
                0x10003660                divmod_s64s64
                0x10003660                __wrap___aeabi_ldivmod
                0x10003690                divmod_u64u64
                0x10003690                div_u64u64
                0x10003690                __wrap___aeabi_uldivmod
                0x100036a0                divmod_u64u64_savestate
                0x100036c0                divmod_s64s64_unsafe
                0x10003748                divmod_u64u64_unsafe
 .text.__wrap___aeabi_darithmetic
                0x10003a84       0x80 ColectData/CMakeFiles/getData.dir/C_/Program_Files/Raspberry_Pi/Pico_SDK_v1.5.1/pico-sdk/src/rp2_common/pico_double/double_aeabi.S.obj
                0x10003a84                __wrap___aeabi_drsub
                0x10003a8a                __wrap___aeabi_dsub
                0x10003a9c                __wrap___aeabi_dadd
                0x10003aae                __wrap___aeabi_ddiv
                0x10003aea                __wrap___aeabi_dmul
 .text.__wrap___aeabi_cdcmple
                0x10003b04       0x6c ColectData/CMakeFiles/getData.dir/C_/Program_Files/Raspberry_Pi/Pico_SDK_v1.5.1/pico-sdk/src/rp2_common/pico_double/double_aeabi.S.obj
                0x10003b04                __wrap___aeabi_cdrcmple
                0x10003b14                __wrap___aeabi_cdcmpeq
                0x10003b14                __wrap___aeabi_cdcmple
 .text.__wrap___aeabi_dcmplt
                0x10003b70        0xc ColectData/CMakeFiles/getData.dir/C_/Program_Files/Raspberry_Pi/Pico_SDK_v1.5.1/pico-sdk/src/rp2_common/pico_double/double_aeabi.S.obj
                0x10003b70                __wrap___aeabi_dcmplt
 .text.__wrap___aeabi_dcmple
                0x10003b7c       0x10 ColectData/CMakeFiles/getData.dir/C_/Program_Files/Raspberry_Pi/Pico_SDK_v1.5.1/pico-sdk/src/rp2_common/pico_double/double_aeabi.S.obj
                0x10003b7c                __wrap___aeabi_dcmple
 .text.__wrap___aeabi_dcmpge
                0x10003b8c       0x10 ColectData/CMakeFiles/getData.dir/C_/Program_Files/Raspberry_Pi/Pico_SDK_v1.5.1/pico-sdk/src/rp2_common/pico_double/double_aeabi.S.obj
                0x10003b8c                __wrap___aeabi_dcmpge
 .text.__wrap___aeabi_dcmpgt
                0x10003b9c        0xa ColectData/CMakeFiles/getData.dir/C_/Program_Files/Raspberry_Pi/Pico_SDK_v1.5.1/pico-sdk/src/rp2_common/pico_double/double_aeabi.S.obj
                0x10003b9c                __wrap___aeabi_dcmpgt
 .text.__wrap___aeabi_dcmpun
                0x10003ba6       0x1c ColectData/CMakeFiles/getData.dir/C_/Program_Files/Raspberry_Pi/Pico_SDK_v1.5.1/pico-sdk/src/rp2_common/pico_double/double_aeabi.S.obj
                0x10003ba6                __wrap___aeabi_dcmpun
 *fill*         0x10003bc2        0x2 
 .text.__wrap___aeabi_i2d
                0x10003bc4       0x38 ColectData/CMakeFiles/getData.dir/C_/Program_Files/Raspberry_Pi/Pico_SDK_v1.5.1/pico-sdk/src/rp2_common/pico_double/double_aeabi.S.obj
                0x10003bc4                __wrap___aeabi_ui2d
                0x10003bcc                __wrap___aeabi_i2d
 .text.__wrap___aeabi_d2iz
                0x10003bfc       0x48 ColectData/CMakeFiles/getData.dir/C_/Program_Files/Raspberry_Pi/Pico_SDK_v1.5.1/pico-sdk/src/rp2_common/pico_double/double_aeabi.S.obj
                0x10003bfc                double2int_z
                0x10003bfc                __wrap___aeabi_d2iz
 .text.__wrap___aeabi_d2uiz
                0x10003c44       0x18 ColectData/CMakeFiles/getData.dir/C_/Program_Files/Raspberry_Pi/Pico_SDK_v1.5.1/pico-sdk/src/rp2_common/pico_double/double_aeabi.S.obj
                0x10003c44                __wrap___aeabi_d2uiz
                0x10003c44                double2uint
 .text.__aeabi_double_init
                0x10003c5c       0xc8 ColectData/CMakeFiles/getData.dir/C_/Program_Files/Raspberry_Pi/Pico_SDK_v1.5.1/pico-sdk/src/rp2_common/pico_double/double_init_rom.c.obj
                0x10003c5c                __aeabi_double_init
 .text.double_table_shim_on_use_helper
                0x10003d24       0x34 ColectData/CMakeFiles/getData.dir/C_/Program_Files/Raspberry_Pi/Pico_SDK_v1.5.1/pico-sdk/src/rp2_common/pico_double/double_v1_rom_shim.S.obj
                0x10003d24                double_table_shim_on_use_helper
 .text.__wrap___aeabi_dsub
                0x10003d58       0x10 ColectData/CMakeFiles/getData.dir/C_/Program_Files/Raspberry_Pi/Pico_SDK_v1.5.1/pico-sdk/src/rp2_common/pico_double/double_v1_rom_shim.S.obj
                0x10003d58                drsub_shim
                0x10003d5e                dsub_shim
 .text.dadd_shim
                0x10003d68      0x15c ColectData/CMakeFiles/getData.dir/C_/Program_Files/Raspberry_Pi/Pico_SDK_v1.5.1/pico-sdk/src/rp2_common/pico_double/double_v1_rom_shim.S.obj
                0x10003d68                dadd_shim
 .text.dmul_shim
                0x10003ec4      0x15c ColectData/CMakeFiles/getData.dir/C_/Program_Files/Raspberry_Pi/Pico_SDK_v1.5.1/pico-sdk/src/rp2_common/pico_double/double_v1_rom_shim.S.obj
                0x10003ec4                dmul_shim
 .text.ddiv_shim
                0x10004020      0x1b0 ColectData/CMakeFiles/getData.dir/C_/Program_Files/Raspberry_Pi/Pico_SDK_v1.5.1/pico-sdk/src/rp2_common/pico_double/double_v1_rom_shim.S.obj
                0x10004020                ddiv_shim
 .text.double2uint_shim
                0x100041d0        0xe ColectData/CMakeFiles/getData.dir/C_/Program_Files/Raspberry_Pi/Pico_SDK_v1.5.1/pico-sdk/src/rp2_common/pico_double/double_v1_rom_shim.S.obj
                0x100041d0                double2uint_shim
                0x100041d2                double2ufix_shim
 *fill*         0x100041de        0x2 
 .text.double2uint64_shim
                0x100041e0       0x70 ColectData/CMakeFiles/getData.dir/C_/Program_Files/Raspberry_Pi/Pico_SDK_v1.5.1/pico-sdk/src/rp2_common/pico_double/double_v1_rom_shim.S.obj
                0x100041e0                double2uint64_shim
                0x100041e2                double2ufix64_shim
                0x10004202                d2fix_a
 .text.dunpacks
                0x10004250       0x3c ColectData/CMakeFiles/getData.dir/C_/Program_Files/Raspberry_Pi/Pico_SDK_v1.5.1/pico-sdk/src/rp2_common/pico_double/double_v1_rom_shim.S.obj
                0x10004250                dunpacks
 .text.__aeabi_lmul
                0x1000428c       0x32 ColectData/CMakeFiles/getData.dir/C_/Program_Files/Raspberry_Pi/Pico_SDK_v1.5.1/pico-sdk/src/rp2_common/pico_int64_ops/pico_int64_ops_aeabi.S.obj
                0x1000428c                __wrap___aeabi_lmul
 *fill*         0x100042be        0x2 
 .text.__wrap___aeabi_farithmetic
                0x100042c0       0x58 ColectData/CMakeFiles/getData.dir/C_/Program_Files/Raspberry_Pi/Pico_SDK_v1.5.1/pico-sdk/src/rp2_common/pico_float/float_aeabi.S.obj
                0x100042c0                __wrap___aeabi_frsub
                0x100042c6                __wrap___aeabi_fsub
                0x100042d0                __wrap___aeabi_fadd
                0x100042da                __wrap___aeabi_fdiv
                0x10004306                __wrap___aeabi_fmul
 .text.__wrap___aeabi_i2f
                0x10004318       0x44 ColectData/CMakeFiles/getData.dir/C_/Program_Files/Raspberry_Pi/Pico_SDK_v1.5.1/pico-sdk/src/rp2_common/pico_float/float_aeabi.S.obj
                0x10004318                __wrap___aeabi_i2f
 .text.__wrap___aeabi_f2d
                0x1000435c       0x14 ColectData/CMakeFiles/getData.dir/C_/Program_Files/Raspberry_Pi/Pico_SDK_v1.5.1/pico-sdk/src/rp2_common/pico_float/float_aeabi.S.obj
                0x1000435c                __wrap___aeabi_f2d
 .text.__aeabi_float_init
                0x10004370       0xfc ColectData/CMakeFiles/getData.dir/C_/Program_Files/Raspberry_Pi/Pico_SDK_v1.5.1/pico-sdk/src/rp2_common/pico_float/float_init_rom.c.obj
                0x10004370                __aeabi_float_init
 .text.float_table_shim_on_use_helper
                0x1000446c       0x34 ColectData/CMakeFiles/getData.dir/C_/Program_Files/Raspberry_Pi/Pico_SDK_v1.5.1/pico-sdk/src/rp2_common/pico_float/float_v1_rom_shim.S.obj
                0x1000446c                float_table_shim_on_use_helper
 .text.float2double_shim
                0x100044a0       0x30 ColectData/CMakeFiles/getData.dir/C_/Program_Files/Raspberry_Pi/Pico_SDK_v1.5.1/pico-sdk/src/rp2_common/pico_float/float_v1_rom_shim.S.obj
                0x100044a0                float2double_shim
 .text          0x100044d0       0x10 ColectData/CMakeFiles/getData.dir/C_/Program_Files/Raspberry_Pi/Pico_SDK_v1.5.1/pico-sdk/src/rp2_common/pico_mem_ops/mem_ops_aeabi.S.obj
                0x100044d0                __aeabi_mem_init
 .text.memset   0x100044e0        0xc ColectData/CMakeFiles/getData.dir/C_/Program_Files/Raspberry_Pi/Pico_SDK_v1.5.1/pico-sdk/src/rp2_common/pico_mem_ops/mem_ops_aeabi.S.obj
                0x100044e0                __wrap_memset
 .text.memcpy   0x100044ec        0xc ColectData/CMakeFiles/getData.dir/C_/Program_Files/Raspberry_Pi/Pico_SDK_v1.5.1/pico-sdk/src/rp2_common/pico_mem_ops/mem_ops_aeabi.S.obj
                0x100044ec                __wrap_memcpy
                0x100044ec                __wrap___aeabi_memcpy
 .text.stdio_out_chars_no_crlf
                0x100044f8        0xe ColectData/CMakeFiles/getData.dir/C_/Program_Files/Raspberry_Pi/Pico_SDK_v1.5.1/pico-sdk/src/rp2_common/pico_stdio/stdio.c.obj
 *fill*         0x10004506        0x2 
 .text.stdio_out_chars_crlf
                0x10004508       0x80 ColectData/CMakeFiles/getData.dir/C_/Program_Files/Raspberry_Pi/Pico_SDK_v1.5.1/pico-sdk/src/rp2_common/pico_stdio/stdio.c.obj
 .text.stdio_stack_buffer_flush
                0x10004588       0x44 ColectData/CMakeFiles/getData.dir/C_/Program_Files/Raspberry_Pi/Pico_SDK_v1.5.1/pico-sdk/src/rp2_common/pico_stdio/stdio.c.obj
 .text.stdio_buffered_printer
                0x100045cc       0x20 ColectData/CMakeFiles/getData.dir/C_/Program_Files/Raspberry_Pi/Pico_SDK_v1.5.1/pico-sdk/src/rp2_common/pico_stdio/stdio.c.obj
 .text.stdout_serialize_begin
                0x100045ec       0x5c ColectData/CMakeFiles/getData.dir/C_/Program_Files/Raspberry_Pi/Pico_SDK_v1.5.1/pico-sdk/src/rp2_common/pico_stdio/stdio.c.obj
                0x100045ec                stdout_serialize_begin
 .text.stdout_serialize_end
                0x10004648       0x10 ColectData/CMakeFiles/getData.dir/C_/Program_Files/Raspberry_Pi/Pico_SDK_v1.5.1/pico-sdk/src/rp2_common/pico_stdio/stdio.c.obj
                0x10004648                stdout_serialize_end
 .text.stdio_put_string
                0x10004658       0x98 ColectData/CMakeFiles/getData.dir/C_/Program_Files/Raspberry_Pi/Pico_SDK_v1.5.1/pico-sdk/src/rp2_common/pico_stdio/stdio.c.obj
 .text.stdio_set_driver_enabled
                0x100046f0       0x2c ColectData/CMakeFiles/getData.dir/C_/Program_Files/Raspberry_Pi/Pico_SDK_v1.5.1/pico-sdk/src/rp2_common/pico_stdio/stdio.c.obj
                0x100046f0                stdio_set_driver_enabled
 .text.stdio_flush
                0x1000471c       0x20 ColectData/CMakeFiles/getData.dir/C_/Program_Files/Raspberry_Pi/Pico_SDK_v1.5.1/pico-sdk/src/rp2_common/pico_stdio/stdio.c.obj
                0x1000471c                stdio_flush
 .text.__wrap_puts
                0x1000473c       0x1e ColectData/CMakeFiles/getData.dir/C_/Program_Files/Raspberry_Pi/Pico_SDK_v1.5.1/pico-sdk/src/rp2_common/pico_stdio/stdio.c.obj
                0x1000473c                __wrap_puts
 *fill*         0x1000475a        0x2 
 .text.__wrap_vprintf
                0x1000475c       0x40 ColectData/CMakeFiles/getData.dir/C_/Program_Files/Raspberry_Pi/Pico_SDK_v1.5.1/pico-sdk/src/rp2_common/pico_stdio/stdio.c.obj
                0x1000475c                __wrap_vprintf
 .text.__wrap_printf
                0x1000479c       0x18 ColectData/CMakeFiles/getData.dir/C_/Program_Files/Raspberry_Pi/Pico_SDK_v1.5.1/pico-sdk/src/rp2_common/pico_stdio/stdio.c.obj
                0x1000479c                __wrap_printf
 .text.stdio_init_all
                0x100047b4        0x8 ColectData/CMakeFiles/getData.dir/C_/Program_Files/Raspberry_Pi/Pico_SDK_v1.5.1/pico-sdk/src/rp2_common/pico_stdio/stdio.c.obj
                0x100047b4                stdio_init_all
 .text.resetd_init
                0x100047bc        0x2 ColectData/CMakeFiles/getData.dir/C_/Program_Files/Raspberry_Pi/Pico_SDK_v1.5.1/pico-sdk/src/rp2_common/pico_stdio_usb/reset_interface.c.obj
 *fill*         0x100047be        0x2 
 .text.resetd_reset
                0x100047c0        0xc ColectData/CMakeFiles/getData.dir/C_/Program_Files/Raspberry_Pi/Pico_SDK_v1.5.1/pico-sdk/src/rp2_common/pico_stdio_usb/reset_interface.c.obj
 .text.resetd_open
                0x100047cc       0x34 ColectData/CMakeFiles/getData.dir/C_/Program_Files/Raspberry_Pi/Pico_SDK_v1.5.1/pico-sdk/src/rp2_common/pico_stdio_usb/reset_interface.c.obj
 .text.resetd_xfer_cb
                0x10004800        0x4 ColectData/CMakeFiles/getData.dir/C_/Program_Files/Raspberry_Pi/Pico_SDK_v1.5.1/pico-sdk/src/rp2_common/pico_stdio_usb/reset_interface.c.obj
 .text.reset_usb_boot
                0x10004804       0x18 ColectData/CMakeFiles/getData.dir/C_/Program_Files/Raspberry_Pi/Pico_SDK_v1.5.1/pico-sdk/src/rp2_common/pico_stdio_usb/reset_interface.c.obj
 .text.resetd_control_xfer_cb
                0x1000481c       0x5c ColectData/CMakeFiles/getData.dir/C_/Program_Files/Raspberry_Pi/Pico_SDK_v1.5.1/pico-sdk/src/rp2_common/pico_stdio_usb/reset_interface.c.obj
 .text.usbd_app_driver_get_cb
                0x10004878        0xc ColectData/CMakeFiles/getData.dir/C_/Program_Files/Raspberry_Pi/Pico_SDK_v1.5.1/pico-sdk/src/rp2_common/pico_stdio_usb/reset_interface.c.obj
                0x10004878                usbd_app_driver_get_cb
 .text.tud_cdc_line_coding_cb
                0x10004884       0x28 ColectData/CMakeFiles/getData.dir/C_/Program_Files/Raspberry_Pi/Pico_SDK_v1.5.1/pico-sdk/src/rp2_common/pico_stdio_usb/reset_interface.c.obj
                0x10004884                tud_cdc_line_coding_cb
 .text.stdio_usb_set_chars_available_callback
                0x100048ac       0x14 ColectData/CMakeFiles/getData.dir/C_/Program_Files/Raspberry_Pi/Pico_SDK_v1.5.1/pico-sdk/src/rp2_common/pico_stdio_usb/stdio_usb.c.obj
                0x100048ac                stdio_usb_set_chars_available_callback
 .text.usb_irq  0x100048c0       0x10 ColectData/CMakeFiles/getData.dir/C_/Program_Files/Raspberry_Pi/Pico_SDK_v1.5.1/pico-sdk/src/rp2_common/pico_stdio_usb/stdio_usb.c.obj
 .text.timer_task
                0x100048d0       0x5c ColectData/CMakeFiles/getData.dir/C_/Program_Files/Raspberry_Pi/Pico_SDK_v1.5.1/pico-sdk/src/rp2_common/pico_stdio_usb/stdio_usb.c.obj
 .text.low_priority_worker_irq
                0x1000492c       0xdc ColectData/CMakeFiles/getData.dir/C_/Program_Files/Raspberry_Pi/Pico_SDK_v1.5.1/pico-sdk/src/rp2_common/pico_stdio_usb/stdio_usb.c.obj
 .text.tud_cdc_rx_cb
                0x10004a08       0x20 ColectData/CMakeFiles/getData.dir/C_/Program_Files/Raspberry_Pi/Pico_SDK_v1.5.1/pico-sdk/src/rp2_common/pico_stdio_usb/stdio_usb.c.obj
                0x10004a08                tud_cdc_rx_cb
 .text.stdio_usb_init
                0x10004a28      0x11c ColectData/CMakeFiles/getData.dir/C_/Program_Files/Raspberry_Pi/Pico_SDK_v1.5.1/pico-sdk/src/rp2_common/pico_stdio_usb/stdio_usb.c.obj
                0x10004a28                stdio_usb_init
 .text.stdio_usb_connected
                0x10004b44        0xa ColectData/CMakeFiles/getData.dir/C_/Program_Files/Raspberry_Pi/Pico_SDK_v1.5.1/pico-sdk/src/rp2_common/pico_stdio_usb/stdio_usb.c.obj
                0x10004b44                stdio_usb_connected
 *fill*         0x10004b4e        0x2 
 .text.stdio_usb_in_chars
                0x10004b50       0xc4 ColectData/CMakeFiles/getData.dir/C_/Program_Files/Raspberry_Pi/Pico_SDK_v1.5.1/pico-sdk/src/rp2_common/pico_stdio_usb/stdio_usb.c.obj
                0x10004b50                stdio_usb_in_chars
 .text.stdio_usb_out_chars
                0x10004c14      0x114 ColectData/CMakeFiles/getData.dir/C_/Program_Files/Raspberry_Pi/Pico_SDK_v1.5.1/pico-sdk/src/rp2_common/pico_stdio_usb/stdio_usb.c.obj
 .text.tud_descriptor_device_cb
                0x10004d28        0x8 ColectData/CMakeFiles/getData.dir/C_/Program_Files/Raspberry_Pi/Pico_SDK_v1.5.1/pico-sdk/src/rp2_common/pico_stdio_usb/stdio_usb_descriptors.c.obj
                0x10004d28                tud_descriptor_device_cb
 .text.tud_descriptor_configuration_cb
                0x10004d30        0x8 ColectData/CMakeFiles/getData.dir/C_/Program_Files/Raspberry_Pi/Pico_SDK_v1.5.1/pico-sdk/src/rp2_common/pico_stdio_usb/stdio_usb_descriptors.c.obj
                0x10004d30                tud_descriptor_configuration_cb
 .text.tud_descriptor_string_cb
                0x10004d38       0x6c ColectData/CMakeFiles/getData.dir/C_/Program_Files/Raspberry_Pi/Pico_SDK_v1.5.1/pico-sdk/src/rp2_common/pico_stdio_usb/stdio_usb_descriptors.c.obj
                0x10004d38                tud_descriptor_string_cb
 .text._retrieve_unique_id_on_boot
                0x10004da4       0x10 ColectData/CMakeFiles/getData.dir/C_/Program_Files/Raspberry_Pi/Pico_SDK_v1.5.1/pico-sdk/src/rp2_common/pico_unique_id/unique_id.c.obj
 .text.pico_get_unique_board_id_string
                0x10004db4       0x60 ColectData/CMakeFiles/getData.dir/C_/Program_Files/Raspberry_Pi/Pico_SDK_v1.5.1/pico-sdk/src/rp2_common/pico_unique_id/unique_id.c.obj
                0x10004db4                pico_get_unique_board_id_string
 .text.flash_get_unique_id
                0x10004e14       0x46 ColectData/CMakeFiles/getData.dir/C_/Program_Files/Raspberry_Pi/Pico_SDK_v1.5.1/pico-sdk/src/rp2_common/hardware_flash/flash.c.obj
                0x10004e14                flash_get_unique_id
 *fill*         0x10004e5a        0x2 
 .text.hw_endpoint_get_by_addr
                0x10004e5c       0x18 ColectData/CMakeFiles/getData.dir/C_/Program_Files/Raspberry_Pi/Pico_SDK_v1.5.1/pico-sdk/lib/tinyusb/src/portable/raspberrypi/rp2040/dcd_rp2040.c.obj
 .text._hw_endpoint_alloc
                0x10004e74       0x70 ColectData/CMakeFiles/getData.dir/C_/Program_Files/Raspberry_Pi/Pico_SDK_v1.5.1/pico-sdk/lib/tinyusb/src/portable/raspberrypi/rp2040/dcd_rp2040.c.obj
 .text.hw_endpoint_init
                0x10004ee4       0x88 ColectData/CMakeFiles/getData.dir/C_/Program_Files/Raspberry_Pi/Pico_SDK_v1.5.1/pico-sdk/lib/tinyusb/src/portable/raspberrypi/rp2040/dcd_rp2040.c.obj
 .text.hw_endpoint_xfer
                0x10004f6c       0x14 ColectData/CMakeFiles/getData.dir/C_/Program_Files/Raspberry_Pi/Pico_SDK_v1.5.1/pico-sdk/lib/tinyusb/src/portable/raspberrypi/rp2040/dcd_rp2040.c.obj
 .text.dcd_int_enable
                0x10004f80       0x2c ColectData/CMakeFiles/getData.dir/C_/Program_Files/Raspberry_Pi/Pico_SDK_v1.5.1/pico-sdk/lib/tinyusb/src/portable/raspberrypi/rp2040/dcd_rp2040.c.obj
                0x10004f80                dcd_int_enable
 .text.dcd_set_address
                0x10004fac       0x2c ColectData/CMakeFiles/getData.dir/C_/Program_Files/Raspberry_Pi/Pico_SDK_v1.5.1/pico-sdk/lib/tinyusb/src/portable/raspberrypi/rp2040/dcd_rp2040.c.obj
                0x10004fac                dcd_set_address
 .text.dcd_connect
                0x10004fd8       0x10 ColectData/CMakeFiles/getData.dir/C_/Program_Files/Raspberry_Pi/Pico_SDK_v1.5.1/pico-sdk/lib/tinyusb/src/portable/raspberrypi/rp2040/dcd_rp2040.c.obj
                0x10004fd8                dcd_connect
 .text.dcd_init
                0x10004fe8       0x80 ColectData/CMakeFiles/getData.dir/C_/Program_Files/Raspberry_Pi/Pico_SDK_v1.5.1/pico-sdk/lib/tinyusb/src/portable/raspberrypi/rp2040/dcd_rp2040.c.obj
                0x10004fe8                dcd_init
 .text.dcd_edpt0_status_complete
                0x10005068       0x1c ColectData/CMakeFiles/getData.dir/C_/Program_Files/Raspberry_Pi/Pico_SDK_v1.5.1/pico-sdk/lib/tinyusb/src/portable/raspberrypi/rp2040/dcd_rp2040.c.obj
                0x10005068                dcd_edpt0_status_complete
 .text.dcd_edpt_open
                0x10005084       0x40 ColectData/CMakeFiles/getData.dir/C_/Program_Files/Raspberry_Pi/Pico_SDK_v1.5.1/pico-sdk/lib/tinyusb/src/portable/raspberrypi/rp2040/dcd_rp2040.c.obj
                0x10005084                dcd_edpt_open
 .text.dcd_edpt_close_all
                0x100050c4        0x8 ColectData/CMakeFiles/getData.dir/C_/Program_Files/Raspberry_Pi/Pico_SDK_v1.5.1/pico-sdk/lib/tinyusb/src/portable/raspberrypi/rp2040/dcd_rp2040.c.obj
                0x100050c4                dcd_edpt_close_all
 .text.dcd_edpt_xfer
                0x100050cc       0x34 ColectData/CMakeFiles/getData.dir/C_/Program_Files/Raspberry_Pi/Pico_SDK_v1.5.1/pico-sdk/lib/tinyusb/src/portable/raspberrypi/rp2040/dcd_rp2040.c.obj
                0x100050cc                dcd_edpt_xfer
 .text.dcd_edpt_stall
                0x10005100       0x2c ColectData/CMakeFiles/getData.dir/C_/Program_Files/Raspberry_Pi/Pico_SDK_v1.5.1/pico-sdk/lib/tinyusb/src/portable/raspberrypi/rp2040/dcd_rp2040.c.obj
                0x10005100                dcd_edpt_stall
 .text.dcd_edpt_clear_stall
                0x1000512c       0x20 ColectData/CMakeFiles/getData.dir/C_/Program_Files/Raspberry_Pi/Pico_SDK_v1.5.1/pico-sdk/lib/tinyusb/src/portable/raspberrypi/rp2040/dcd_rp2040.c.obj
                0x1000512c                dcd_edpt_clear_stall
 .text.rp2040_usb_init
                0x1000514c       0x4c ColectData/CMakeFiles/getData.dir/C_/Program_Files/Raspberry_Pi/Pico_SDK_v1.5.1/pico-sdk/lib/tinyusb/src/portable/raspberrypi/rp2040/rp2040_usb.c.obj
                0x1000514c                rp2040_usb_init
 .text.hw_endpoint_xfer_start
                0x10005198       0x50 ColectData/CMakeFiles/getData.dir/C_/Program_Files/Raspberry_Pi/Pico_SDK_v1.5.1/pico-sdk/lib/tinyusb/src/portable/raspberrypi/rp2040/rp2040_usb.c.obj
                0x10005198                hw_endpoint_xfer_start
 .text.configuration_reset
                0x100051e8       0x84 ColectData/CMakeFiles/getData.dir/C_/Program_Files/Raspberry_Pi/Pico_SDK_v1.5.1/pico-sdk/lib/tinyusb/src/device/usbd.c.obj
 .text.usbd_reset
                0x1000526c        0xc ColectData/CMakeFiles/getData.dir/C_/Program_Files/Raspberry_Pi/Pico_SDK_v1.5.1/pico-sdk/lib/tinyusb/src/device/usbd.c.obj
 .text.invoke_class_control
                0x10005278       0x1a ColectData/CMakeFiles/getData.dir/C_/Program_Files/Raspberry_Pi/Pico_SDK_v1.5.1/pico-sdk/lib/tinyusb/src/device/usbd.c.obj
 *fill*         0x10005292        0x2 
 .text.process_set_config
                0x10005294      0x178 ColectData/CMakeFiles/getData.dir/C_/Program_Files/Raspberry_Pi/Pico_SDK_v1.5.1/pico-sdk/lib/tinyusb/src/device/usbd.c.obj
 .text.process_get_descriptor
                0x1000540c       0xdc ColectData/CMakeFiles/getData.dir/C_/Program_Files/Raspberry_Pi/Pico_SDK_v1.5.1/pico-sdk/lib/tinyusb/src/device/usbd.c.obj
 .text.tud_mounted
                0x100054e8       0x10 ColectData/CMakeFiles/getData.dir/C_/Program_Files/Raspberry_Pi/Pico_SDK_v1.5.1/pico-sdk/lib/tinyusb/src/device/usbd.c.obj
                0x100054e8                tud_mounted
 .text.tud_suspended
                0x100054f8       0x10 ColectData/CMakeFiles/getData.dir/C_/Program_Files/Raspberry_Pi/Pico_SDK_v1.5.1/pico-sdk/lib/tinyusb/src/device/usbd.c.obj
                0x100054f8                tud_suspended
 .text.tud_inited
                0x10005508       0x14 ColectData/CMakeFiles/getData.dir/C_/Program_Files/Raspberry_Pi/Pico_SDK_v1.5.1/pico-sdk/lib/tinyusb/src/device/usbd.c.obj
                0x10005508                tud_inited
 .text.tud_init
                0x1000551c       0xcc ColectData/CMakeFiles/getData.dir/C_/Program_Files/Raspberry_Pi/Pico_SDK_v1.5.1/pico-sdk/lib/tinyusb/src/device/usbd.c.obj
                0x1000551c                tud_init
 .text.usbd_defer_func
                0x100055e8       0x2a ColectData/CMakeFiles/getData.dir/C_/Program_Files/Raspberry_Pi/Pico_SDK_v1.5.1/pico-sdk/lib/tinyusb/src/device/usbd.c.obj
                0x100055e8                usbd_defer_func
 *fill*         0x10005612        0x2 
 .text.usbd_edpt_open
                0x10005614       0x34 ColectData/CMakeFiles/getData.dir/C_/Program_Files/Raspberry_Pi/Pico_SDK_v1.5.1/pico-sdk/lib/tinyusb/src/device/usbd.c.obj
                0x10005614                usbd_edpt_open
 .text.usbd_open_edpt_pair
                0x10005648       0x62 ColectData/CMakeFiles/getData.dir/C_/Program_Files/Raspberry_Pi/Pico_SDK_v1.5.1/pico-sdk/lib/tinyusb/src/device/usbd.c.obj
                0x10005648                usbd_open_edpt_pair
 *fill*         0x100056aa        0x2 
 .text.usbd_edpt_claim
                0x100056ac       0x28 ColectData/CMakeFiles/getData.dir/C_/Program_Files/Raspberry_Pi/Pico_SDK_v1.5.1/pico-sdk/lib/tinyusb/src/device/usbd.c.obj
                0x100056ac                usbd_edpt_claim
 .text.usbd_edpt_release
                0x100056d4       0x28 ColectData/CMakeFiles/getData.dir/C_/Program_Files/Raspberry_Pi/Pico_SDK_v1.5.1/pico-sdk/lib/tinyusb/src/device/usbd.c.obj
                0x100056d4                usbd_edpt_release
 .text.usbd_edpt_xfer
                0x100056fc       0x78 ColectData/CMakeFiles/getData.dir/C_/Program_Files/Raspberry_Pi/Pico_SDK_v1.5.1/pico-sdk/lib/tinyusb/src/device/usbd.c.obj
                0x100056fc                usbd_edpt_xfer
 .text.usbd_edpt_stall
                0x10005774       0x48 ColectData/CMakeFiles/getData.dir/C_/Program_Files/Raspberry_Pi/Pico_SDK_v1.5.1/pico-sdk/lib/tinyusb/src/device/usbd.c.obj
                0x10005774                usbd_edpt_stall
 .text.usbd_edpt_clear_stall
                0x100057bc       0x48 ColectData/CMakeFiles/getData.dir/C_/Program_Files/Raspberry_Pi/Pico_SDK_v1.5.1/pico-sdk/lib/tinyusb/src/device/usbd.c.obj
                0x100057bc                usbd_edpt_clear_stall
 .text.usbd_edpt_stalled
                0x10005804       0x1c ColectData/CMakeFiles/getData.dir/C_/Program_Files/Raspberry_Pi/Pico_SDK_v1.5.1/pico-sdk/lib/tinyusb/src/device/usbd.c.obj
                0x10005804                usbd_edpt_stalled
 .text.process_control_request
                0x10005820      0x37c ColectData/CMakeFiles/getData.dir/C_/Program_Files/Raspberry_Pi/Pico_SDK_v1.5.1/pico-sdk/lib/tinyusb/src/device/usbd.c.obj
 .text.tud_task_ext
                0x10005b9c      0x1b8 ColectData/CMakeFiles/getData.dir/C_/Program_Files/Raspberry_Pi/Pico_SDK_v1.5.1/pico-sdk/lib/tinyusb/src/device/usbd.c.obj
                0x10005b9c                tud_task_ext
 .text._data_stage_xact
                0x10005d54       0x58 ColectData/CMakeFiles/getData.dir/C_/Program_Files/Raspberry_Pi/Pico_SDK_v1.5.1/pico-sdk/lib/tinyusb/src/device/usbd_control.c.obj
 .text.tud_control_status
                0x10005dac       0x38 ColectData/CMakeFiles/getData.dir/C_/Program_Files/Raspberry_Pi/Pico_SDK_v1.5.1/pico-sdk/lib/tinyusb/src/device/usbd_control.c.obj
                0x10005dac                tud_control_status
 .text.tud_control_xfer
                0x10005de4       0x74 ColectData/CMakeFiles/getData.dir/C_/Program_Files/Raspberry_Pi/Pico_SDK_v1.5.1/pico-sdk/lib/tinyusb/src/device/usbd_control.c.obj
                0x10005de4                tud_control_xfer
 .text.usbd_control_reset
                0x10005e58       0x14 ColectData/CMakeFiles/getData.dir/C_/Program_Files/Raspberry_Pi/Pico_SDK_v1.5.1/pico-sdk/lib/tinyusb/src/device/usbd_control.c.obj
                0x10005e58                usbd_control_reset
 .text.usbd_control_set_complete_callback
                0x10005e6c        0xc ColectData/CMakeFiles/getData.dir/C_/Program_Files/Raspberry_Pi/Pico_SDK_v1.5.1/pico-sdk/lib/tinyusb/src/device/usbd_control.c.obj
                0x10005e6c                usbd_control_set_complete_callback
 .text.usbd_control_set_request
                0x10005e78       0x1c ColectData/CMakeFiles/getData.dir/C_/Program_Files/Raspberry_Pi/Pico_SDK_v1.5.1/pico-sdk/lib/tinyusb/src/device/usbd_control.c.obj
                0x10005e78                usbd_control_set_request
 .text.usbd_control_xfer_cb
                0x10005e94       0xcc ColectData/CMakeFiles/getData.dir/C_/Program_Files/Raspberry_Pi/Pico_SDK_v1.5.1/pico-sdk/lib/tinyusb/src/device/usbd_control.c.obj
                0x10005e94                usbd_control_xfer_cb
 .text._prep_out_transaction
                0x10005f60       0x4a ColectData/CMakeFiles/getData.dir/C_/Program_Files/Raspberry_Pi/Pico_SDK_v1.5.1/pico-sdk/lib/tinyusb/src/class/cdc/cdc_device.c.obj
 *fill*         0x10005faa        0x2 
 .text.tud_cdc_n_connected
                0x10005fac       0x44 ColectData/CMakeFiles/getData.dir/C_/Program_Files/Raspberry_Pi/Pico_SDK_v1.5.1/pico-sdk/lib/tinyusb/src/class/cdc/cdc_device.c.obj
                0x10005fac                tud_cdc_n_connected
 .text.tud_cdc_n_available
                0x10005ff0       0x18 ColectData/CMakeFiles/getData.dir/C_/Program_Files/Raspberry_Pi/Pico_SDK_v1.5.1/pico-sdk/lib/tinyusb/src/class/cdc/cdc_device.c.obj
                0x10005ff0                tud_cdc_n_available
 .text.tud_cdc_n_read
                0x10006008       0x28 ColectData/CMakeFiles/getData.dir/C_/Program_Files/Raspberry_Pi/Pico_SDK_v1.5.1/pico-sdk/lib/tinyusb/src/class/cdc/cdc_device.c.obj
                0x10006008                tud_cdc_n_read
 .text.tud_cdc_n_write_flush
                0x10006030       0xb8 ColectData/CMakeFiles/getData.dir/C_/Program_Files/Raspberry_Pi/Pico_SDK_v1.5.1/pico-sdk/lib/tinyusb/src/class/cdc/cdc_device.c.obj
                0x10006030                tud_cdc_n_write_flush
 .text.tud_cdc_n_write
                0x100060e8       0x38 ColectData/CMakeFiles/getData.dir/C_/Program_Files/Raspberry_Pi/Pico_SDK_v1.5.1/pico-sdk/lib/tinyusb/src/class/cdc/cdc_device.c.obj
                0x100060e8                tud_cdc_n_write
 .text.tud_cdc_n_write_available
                0x10006120       0x1c ColectData/CMakeFiles/getData.dir/C_/Program_Files/Raspberry_Pi/Pico_SDK_v1.5.1/pico-sdk/lib/tinyusb/src/class/cdc/cdc_device.c.obj
                0x10006120                tud_cdc_n_write_available
 .text.cdcd_init
                0x1000613c       0xbc ColectData/CMakeFiles/getData.dir/C_/Program_Files/Raspberry_Pi/Pico_SDK_v1.5.1/pico-sdk/lib/tinyusb/src/class/cdc/cdc_device.c.obj
                0x1000613c                cdcd_init
 .text.cdcd_reset
                0x100061f8       0x44 ColectData/CMakeFiles/getData.dir/C_/Program_Files/Raspberry_Pi/Pico_SDK_v1.5.1/pico-sdk/lib/tinyusb/src/class/cdc/cdc_device.c.obj
                0x100061f8                cdcd_reset
 .text.cdcd_open
                0x1000623c       0xcc ColectData/CMakeFiles/getData.dir/C_/Program_Files/Raspberry_Pi/Pico_SDK_v1.5.1/pico-sdk/lib/tinyusb/src/class/cdc/cdc_device.c.obj
                0x1000623c                cdcd_open
 .text.cdcd_control_xfer_cb
                0x10006308      0x134 ColectData/CMakeFiles/getData.dir/C_/Program_Files/Raspberry_Pi/Pico_SDK_v1.5.1/pico-sdk/lib/tinyusb/src/class/cdc/cdc_device.c.obj
                0x10006308                cdcd_control_xfer_cb
 .text.cdcd_xfer_cb
                0x1000643c      0x130 ColectData/CMakeFiles/getData.dir/C_/Program_Files/Raspberry_Pi/Pico_SDK_v1.5.1/pico-sdk/lib/tinyusb/src/class/cdc/cdc_device.c.obj
                0x1000643c                cdcd_xfer_cb
 .text.tusb_init
                0x1000656c        0xa ColectData/CMakeFiles/getData.dir/C_/Program_Files/Raspberry_Pi/Pico_SDK_v1.5.1/pico-sdk/lib/tinyusb/src/tusb.c.obj
                0x1000656c                tusb_init
 .text.tusb_inited
                0x10006576        0xe ColectData/CMakeFiles/getData.dir/C_/Program_Files/Raspberry_Pi/Pico_SDK_v1.5.1/pico-sdk/lib/tinyusb/src/tusb.c.obj
                0x10006576                tusb_inited
 .text.tu_edpt_claim
                0x10006584       0x50 ColectData/CMakeFiles/getData.dir/C_/Program_Files/Raspberry_Pi/Pico_SDK_v1.5.1/pico-sdk/lib/tinyusb/src/tusb.c.obj
                0x10006584                tu_edpt_claim
 .text.tu_edpt_release
                0x100065d4       0x3c ColectData/CMakeFiles/getData.dir/C_/Program_Files/Raspberry_Pi/Pico_SDK_v1.5.1/pico-sdk/lib/tinyusb/src/tusb.c.obj
                0x100065d4                tu_edpt_release
 .text.tu_edpt_validate
                0x10006610       0x78 ColectData/CMakeFiles/getData.dir/C_/Program_Files/Raspberry_Pi/Pico_SDK_v1.5.1/pico-sdk/lib/tinyusb/src/tusb.c.obj
                0x10006610                tu_edpt_validate
 .text.tu_edpt_bind_driver
                0x10006688       0x26 ColectData/CMakeFiles/getData.dir/C_/Program_Files/Raspberry_Pi/Pico_SDK_v1.5.1/pico-sdk/lib/tinyusb/src/tusb.c.obj
                0x10006688                tu_edpt_bind_driver
 .text.advance_index
                0x100066ae       0x1a ColectData/CMakeFiles/getData.dir/C_/Program_Files/Raspberry_Pi/Pico_SDK_v1.5.1/pico-sdk/lib/tinyusb/src/common/tusb_fifo.c.obj
 .text._tu_fifo_peek
                0x100066c8       0x56 ColectData/CMakeFiles/getData.dir/C_/Program_Files/Raspberry_Pi/Pico_SDK_v1.5.1/pico-sdk/lib/tinyusb/src/common/tusb_fifo.c.obj
 .text._ff_pull_const_addr
                0x1000671e       0x4c ColectData/CMakeFiles/getData.dir/C_/Program_Files/Raspberry_Pi/Pico_SDK_v1.5.1/pico-sdk/lib/tinyusb/src/common/tusb_fifo.c.obj
 .text._ff_pull_n
                0x1000676a      0x110 ColectData/CMakeFiles/getData.dir/C_/Program_Files/Raspberry_Pi/Pico_SDK_v1.5.1/pico-sdk/lib/tinyusb/src/common/tusb_fifo.c.obj
 .text._tu_fifo_peek_n
                0x1000687a       0x6a ColectData/CMakeFiles/getData.dir/C_/Program_Files/Raspberry_Pi/Pico_SDK_v1.5.1/pico-sdk/lib/tinyusb/src/common/tusb_fifo.c.obj
 .text._tu_fifo_read_n
                0x100068e4       0x4e ColectData/CMakeFiles/getData.dir/C_/Program_Files/Raspberry_Pi/Pico_SDK_v1.5.1/pico-sdk/lib/tinyusb/src/common/tusb_fifo.c.obj
 .text._ff_push_const_addr
                0x10006932       0x40 ColectData/CMakeFiles/getData.dir/C_/Program_Files/Raspberry_Pi/Pico_SDK_v1.5.1/pico-sdk/lib/tinyusb/src/common/tusb_fifo.c.obj
 .text._ff_push_n
                0x10006972      0x10c ColectData/CMakeFiles/getData.dir/C_/Program_Files/Raspberry_Pi/Pico_SDK_v1.5.1/pico-sdk/lib/tinyusb/src/common/tusb_fifo.c.obj
 .text._tu_fifo_write_n
                0x10006a7e       0xf0 ColectData/CMakeFiles/getData.dir/C_/Program_Files/Raspberry_Pi/Pico_SDK_v1.5.1/pico-sdk/lib/tinyusb/src/common/tusb_fifo.c.obj
 .text.tu_fifo_config
                0x10006b6e       0x7c ColectData/CMakeFiles/getData.dir/C_/Program_Files/Raspberry_Pi/Pico_SDK_v1.5.1/pico-sdk/lib/tinyusb/src/common/tusb_fifo.c.obj
                0x10006b6e                tu_fifo_config
 .text.tu_fifo_count
                0x10006bea       0x2a ColectData/CMakeFiles/getData.dir/C_/Program_Files/Raspberry_Pi/Pico_SDK_v1.5.1/pico-sdk/lib/tinyusb/src/common/tusb_fifo.c.obj
                0x10006bea                tu_fifo_count
 .text.tu_fifo_empty
                0x10006c14       0x10 ColectData/CMakeFiles/getData.dir/C_/Program_Files/Raspberry_Pi/Pico_SDK_v1.5.1/pico-sdk/lib/tinyusb/src/common/tusb_fifo.c.obj
                0x10006c14                tu_fifo_empty
 .text.tu_fifo_full
                0x10006c24       0x28 ColectData/CMakeFiles/getData.dir/C_/Program_Files/Raspberry_Pi/Pico_SDK_v1.5.1/pico-sdk/lib/tinyusb/src/common/tusb_fifo.c.obj
                0x10006c24                tu_fifo_full
 .text.tu_fifo_remaining
                0x10006c4c       0x2c ColectData/CMakeFiles/getData.dir/C_/Program_Files/Raspberry_Pi/Pico_SDK_v1.5.1/pico-sdk/lib/tinyusb/src/common/tusb_fifo.c.obj
                0x10006c4c                tu_fifo_remaining
 .text.tu_fifo_read
                0x10006c78       0x42 ColectData/CMakeFiles/getData.dir/C_/Program_Files/Raspberry_Pi/Pico_SDK_v1.5.1/pico-sdk/lib/tinyusb/src/common/tusb_fifo.c.obj
                0x10006c78                tu_fifo_read
 .text.tu_fifo_read_n
                0x10006cba        0xa ColectData/CMakeFiles/getData.dir/C_/Program_Files/Raspberry_Pi/Pico_SDK_v1.5.1/pico-sdk/lib/tinyusb/src/common/tusb_fifo.c.obj
                0x10006cba                tu_fifo_read_n
 .text.tu_fifo_write
                0x10006cc4       0x64 ColectData/CMakeFiles/getData.dir/C_/Program_Files/Raspberry_Pi/Pico_SDK_v1.5.1/pico-sdk/lib/tinyusb/src/common/tusb_fifo.c.obj
                0x10006cc4                tu_fifo_write
 .text.tu_fifo_write_n
                0x10006d28        0xa ColectData/CMakeFiles/getData.dir/C_/Program_Files/Raspberry_Pi/Pico_SDK_v1.5.1/pico-sdk/lib/tinyusb/src/common/tusb_fifo.c.obj
                0x10006d28                tu_fifo_write_n
 .text.tu_fifo_clear
                0x10006d32       0x3e ColectData/CMakeFiles/getData.dir/C_/Program_Files/Raspberry_Pi/Pico_SDK_v1.5.1/pico-sdk/lib/tinyusb/src/common/tusb_fifo.c.obj
                0x10006d32                tu_fifo_clear
 .text.tu_fifo_set_overwritable
                0x10006d70       0x46 ColectData/CMakeFiles/getData.dir/C_/Program_Files/Raspberry_Pi/Pico_SDK_v1.5.1/pico-sdk/lib/tinyusb/src/common/tusb_fifo.c.obj
                0x10006d70                tu_fifo_set_overwritable
 .text.i2c_write_blocking_internal
                0x10006db6      0x140 ColectData/CMakeFiles/getData.dir/C_/Program_Files/Raspberry_Pi/Pico_SDK_v1.5.1/pico-sdk/src/rp2_common/hardware_i2c/i2c.c.obj
 .text.i2c_read_blocking_internal
                0x10006ef6       0xe6 ColectData/CMakeFiles/getData.dir/C_/Program_Files/Raspberry_Pi/Pico_SDK_v1.5.1/pico-sdk/src/rp2_common/hardware_i2c/i2c.c.obj
 .text.i2c_set_baudrate
                0x10006fdc       0xf0 ColectData/CMakeFiles/getData.dir/C_/Program_Files/Raspberry_Pi/Pico_SDK_v1.5.1/pico-sdk/src/rp2_common/hardware_i2c/i2c.c.obj
                0x10006fdc                i2c_set_baudrate
 .text.i2c_init
                0x100070cc       0x58 ColectData/CMakeFiles/getData.dir/C_/Program_Files/Raspberry_Pi/Pico_SDK_v1.5.1/pico-sdk/src/rp2_common/hardware_i2c/i2c.c.obj
                0x100070cc                i2c_init
 .text.i2c_write_blocking
                0x10007124       0x18 ColectData/CMakeFiles/getData.dir/C_/Program_Files/Raspberry_Pi/Pico_SDK_v1.5.1/pico-sdk/src/rp2_common/hardware_i2c/i2c.c.obj
                0x10007124                i2c_write_blocking
 .text.i2c_read_blocking
                0x1000713c       0x18 ColectData/CMakeFiles/getData.dir/C_/Program_Files/Raspberry_Pi/Pico_SDK_v1.5.1/pico-sdk/src/rp2_common/hardware_i2c/i2c.c.obj
                0x1000713c                i2c_read_blocking
 .text._ZN7mpu9250C2Ehh
                0x10007154       0x16 mpu_9250/libpico_mpu_9250_object.a(mpuObject.cpp.obj)
                0x10007154                mpu9250::mpu9250(unsigned char, unsigned char)
                0x10007154                mpu9250::mpu9250(unsigned char, unsigned char)
 .text._ZN7mpu925010updateDataEv
                0x1000716a        0x8 mpu_9250/libpico_mpu_9250_object.a(mpuObject.cpp.obj)
                0x1000716a                mpu9250::updateData()
 *fill*         0x10007172        0x2 
 .text.mpu9250_reset
                0x10007174       0x20 mpu_9250/libpico_mpu_9250_object.a(mpu9250.c.obj)
                0x10007174                mpu9250_reset
 .text.mpu9250_read_byte
                0x10007194       0x38 mpu_9250/libpico_mpu_9250_object.a(mpu9250.c.obj)
                0x10007194                mpu9250_read_byte
 .text.read_acceleration
                0x100071cc       0x84 mpu_9250/libpico_mpu_9250_object.a(mpu9250.c.obj)
                0x100071cc                read_acceleration
 .text.start_i2c
                0x10007250       0x54 mpu_9250/libpico_mpu_9250_object.a(mpu9250.c.obj)
                0x10007250                start_i2c
 .text.strlen   0x100072a4       0x5c c:/progra~1/raspbe~1/picosd~1.1/gcc-ar~1/bin/../lib/gcc/arm-none-eabi/10.3.1/../../../../arm-none-eabi/lib/thumb/v6-m/nofp\libg.a(lib_a-strlen-stub.o)
                0x100072a4                strlen
 *(.fini)
 .fini          0x10007300        0x4 c:/progra~1/raspbe~1/picosd~1.1/gcc-ar~1/bin/../lib/gcc/arm-none-eabi/10.3.1/thumb/v6-m/nofp/crti.o
                0x10007300                _fini
 *fill*         0x10007304        0x4 
 .fini.__stub   0x10007308       0xe0 linker stubs
 *crtbegin.o(.ctors)
 *crtbegin?.o(.ctors)
 *(EXCLUDE_FILE(*crtend.o *crtend?.o) .ctors)
 *(SORT_BY_NAME(.ctors.*))
 *(.ctors)
 *crtbegin.o(.dtors)
 *crtbegin?.o(.dtors)
 *(EXCLUDE_FILE(*crtend.o *crtend?.o) .dtors)
 *(SORT_BY_NAME(.dtors.*))
 *(.dtors)
 *(.eh_frame*)
 .eh_frame      0x100073e8        0x0 c:/progra~1/raspbe~1/picosd~1.1/gcc-ar~1/bin/../lib/gcc/arm-none-eabi/10.3.1/thumb/v6-m/nofp/crtbegin.o
                0x100073e8                . = ALIGN (0x4)

.glue_7         0x100073e8        0x0
 .glue_7        0x100073e8        0x0 linker stubs

.glue_7t        0x100073e8        0x0
 .glue_7t       0x100073e8        0x0 linker stubs

.vfp11_veneer   0x100073e8        0x0
 .vfp11_veneer  0x100073e8        0x0 linker stubs

.v4_bx          0x100073e8        0x0
 .v4_bx         0x100073e8        0x0 linker stubs

.iplt           0x100073e8        0x0
 .iplt          0x100073e8        0x0 c:/progra~1/raspbe~1/picosd~1.1/gcc-ar~1/bin/../lib/gcc/arm-none-eabi/10.3.1/thumb/v6-m/nofp/crtbegin.o

.rodata         0x100073e8     0x1838
 *(EXCLUDE_FILE(*libm.a: *libc.a:*lib_a-mem*.o *libgcc.a:) .rodata*)
 .rodata.main.str1.4
                0x100073e8        0xd ColectData/CMakeFiles/getData.dir/getData.cpp.obj
 *fill*         0x100073f5        0x3 
 .rodata.spin_lock_claim_unused.str1.4
                0x100073f8       0x1b ColectData/CMakeFiles/getData.dir/C_/Program_Files/Raspberry_Pi/Pico_SDK_v1.5.1/pico-sdk/src/rp2_common/hardware_sync/sync.c.obj
 *fill*         0x10007413        0x1 
 .rodata.make_branch.str1.4
                0x10007414       0x89 ColectData/CMakeFiles/getData.dir/C_/Program_Files/Raspberry_Pi/Pico_SDK_v1.5.1/pico-sdk/src/rp2_common/hardware_irq/irq.c.obj
 *fill*         0x1000749d        0x3 
 .rodata.insert_branch_and_link.str1.4
                0x100074a0       0x10 ColectData/CMakeFiles/getData.dir/C_/Program_Files/Raspberry_Pi/Pico_SDK_v1.5.1/pico-sdk/src/rp2_common/hardware_irq/irq.c.obj
 .rodata.irq_set_exclusive_handler.str1.4
                0x100074b0       0x36 ColectData/CMakeFiles/getData.dir/C_/Program_Files/Raspberry_Pi/Pico_SDK_v1.5.1/pico-sdk/src/rp2_common/hardware_irq/irq.c.obj
 *fill*         0x100074e6        0x2 
 .rodata.irq_add_shared_handler.str1.4
                0x100074e8       0xd9 ColectData/CMakeFiles/getData.dir/C_/Program_Files/Raspberry_Pi/Pico_SDK_v1.5.1/pico-sdk/src/rp2_common/hardware_irq/irq.c.obj
 *fill*         0x100075c1        0x3 
 .rodata.irq_remove_handler.str1.4
                0x100075c4       0x3a ColectData/CMakeFiles/getData.dir/C_/Program_Files/Raspberry_Pi/Pico_SDK_v1.5.1/pico-sdk/src/rp2_common/hardware_irq/irq.c.obj
 *fill*         0x100075fe        0x2 
 .rodata.irq_add_tail_to_free_list.str1.4
                0x10007600       0x3a ColectData/CMakeFiles/getData.dir/C_/Program_Files/Raspberry_Pi/Pico_SDK_v1.5.1/pico-sdk/src/rp2_common/hardware_irq/irq.c.obj
 *fill*         0x1000763a        0x2 
 .rodata.user_irq_claim_unused.str1.4
                0x1000763c       0x1b ColectData/CMakeFiles/getData.dir/C_/Program_Files/Raspberry_Pi/Pico_SDK_v1.5.1/pico-sdk/src/rp2_common/hardware_irq/irq.c.obj
 *fill*         0x10007657        0x1 
 .rodata.__func__.0
                0x10007658       0x1a ColectData/CMakeFiles/getData.dir/C_/Program_Files/Raspberry_Pi/Pico_SDK_v1.5.1/pico-sdk/src/rp2_common/hardware_irq/irq.c.obj
 *fill*         0x10007672        0x2 
 .rodata.__func__.1
                0x10007674       0x17 ColectData/CMakeFiles/getData.dir/C_/Program_Files/Raspberry_Pi/Pico_SDK_v1.5.1/pico-sdk/src/rp2_common/hardware_irq/irq.c.obj
 *fill*         0x1000768b        0x1 
 .rodata.__func__.2
                0x1000768c       0x13 ColectData/CMakeFiles/getData.dir/C_/Program_Files/Raspberry_Pi/Pico_SDK_v1.5.1/pico-sdk/src/rp2_common/hardware_irq/irq.c.obj
 *fill*         0x1000769f        0x1 
 .rodata.__func__.3
                0x100076a0        0xc ColectData/CMakeFiles/getData.dir/C_/Program_Files/Raspberry_Pi/Pico_SDK_v1.5.1/pico-sdk/src/rp2_common/hardware_irq/irq.c.obj
 .rodata.__func__.4
                0x100076ac        0xf ColectData/CMakeFiles/getData.dir/C_/Program_Files/Raspberry_Pi/Pico_SDK_v1.5.1/pico-sdk/src/rp2_common/hardware_irq/irq.c.obj
 *fill*         0x100076bb        0x1 
 .rodata.__func__.5
                0x100076bc       0x17 ColectData/CMakeFiles/getData.dir/C_/Program_Files/Raspberry_Pi/Pico_SDK_v1.5.1/pico-sdk/src/rp2_common/hardware_irq/irq.c.obj
 *fill*         0x100076d3        0x1 
 .rodata.__func__.6
                0x100076d4       0x1a ColectData/CMakeFiles/getData.dir/C_/Program_Files/Raspberry_Pi/Pico_SDK_v1.5.1/pico-sdk/src/rp2_common/hardware_irq/irq.c.obj
 *fill*         0x100076ee        0x2 
 .rodata.str1.4
                0x100076f0      0x125 ColectData/CMakeFiles/getData.dir/C_/Program_Files/Raspberry_Pi/Pico_SDK_v1.5.1/pico-sdk/src/common/pico_sync/mutex.c.obj
 *fill*         0x10007815        0x3 
 .rodata.__func__.1
                0x10007818        0xb ColectData/CMakeFiles/getData.dir/C_/Program_Files/Raspberry_Pi/Pico_SDK_v1.5.1/pico-sdk/src/common/pico_sync/mutex.c.obj
 *fill*         0x10007823        0x1 
 .rodata.__func__.3
                0x10007824       0x18 ColectData/CMakeFiles/getData.dir/C_/Program_Files/Raspberry_Pi/Pico_SDK_v1.5.1/pico-sdk/src/common/pico_sync/mutex.c.obj
 .rodata.__func__.4
                0x1000783c       0x15 ColectData/CMakeFiles/getData.dir/C_/Program_Files/Raspberry_Pi/Pico_SDK_v1.5.1/pico-sdk/src/common/pico_sync/mutex.c.obj
 *fill*         0x10007851        0x3 
 .rodata.repeating_timer_callback.str1.4
                0x10007854       0x67 ColectData/CMakeFiles/getData.dir/C_/Program_Files/Raspberry_Pi/Pico_SDK_v1.5.1/pico-sdk/src/common/pico_time/time.c.obj
 *fill*         0x100078bb        0x1 
 .rodata.timer_pool_entry_comparator.str1.4
                0x100078bc       0x22 ColectData/CMakeFiles/getData.dir/C_/Program_Files/Raspberry_Pi/Pico_SDK_v1.5.1/pico-sdk/src/common/pico_time/time.c.obj
 *fill*         0x100078de        0x2 
 .rodata.ph_add_child_node.str1.4
                0x100078e0       0xb2 ColectData/CMakeFiles/getData.dir/C_/Program_Files/Raspberry_Pi/Pico_SDK_v1.5.1/pico-sdk/src/common/pico_time/time.c.obj
 *fill*         0x10007992        0x2 
 .rodata.add_alarm_under_lock.str1.4
                0x10007994       0x28 ColectData/CMakeFiles/getData.dir/C_/Program_Files/Raspberry_Pi/Pico_SDK_v1.5.1/pico-sdk/src/common/pico_time/time.c.obj
                                 0x2b (size before relaxing)
 .rodata.alarm_pool_alarm_callback.str1.4
                0x100079bc       0x98 ColectData/CMakeFiles/getData.dir/C_/Program_Files/Raspberry_Pi/Pico_SDK_v1.5.1/pico-sdk/src/common/pico_time/time.c.obj
                                0x118 (size before relaxing)
 .rodata.alarm_pool_get_default.str1.4
                0x10007a54       0x21 ColectData/CMakeFiles/getData.dir/C_/Program_Files/Raspberry_Pi/Pico_SDK_v1.5.1/pico-sdk/src/common/pico_time/time.c.obj
 *fill*         0x10007a75        0x3 
 .rodata.alarm_pool_cancel_alarm.str1.4
                0x10007a78       0x27 ColectData/CMakeFiles/getData.dir/C_/Program_Files/Raspberry_Pi/Pico_SDK_v1.5.1/pico-sdk/src/common/pico_time/time.c.obj
 *fill*         0x10007a9f        0x1 
 .rodata.sleep_until.str1.4
                0x10007aa0       0x4d ColectData/CMakeFiles/getData.dir/C_/Program_Files/Raspberry_Pi/Pico_SDK_v1.5.1/pico-sdk/src/common/pico_time/time.c.obj
 *fill*         0x10007aed        0x3 
 .rodata.__func__.1
                0x10007af0       0x18 ColectData/CMakeFiles/getData.dir/C_/Program_Files/Raspberry_Pi/Pico_SDK_v1.5.1/pico-sdk/src/common/pico_time/time.c.obj
 .rodata.__func__.10
                0x10007b08       0x15 ColectData/CMakeFiles/getData.dir/C_/Program_Files/Raspberry_Pi/Pico_SDK_v1.5.1/pico-sdk/src/common/pico_time/time.c.obj
 *fill*         0x10007b1d        0x3 
 .rodata.__func__.11
                0x10007b20       0x1a ColectData/CMakeFiles/getData.dir/C_/Program_Files/Raspberry_Pi/Pico_SDK_v1.5.1/pico-sdk/src/common/pico_time/time.c.obj
 *fill*         0x10007b3a        0x2 
 .rodata.__func__.12
                0x10007b3c        0xa ColectData/CMakeFiles/getData.dir/C_/Program_Files/Raspberry_Pi/Pico_SDK_v1.5.1/pico-sdk/src/common/pico_time/time.c.obj
 *fill*         0x10007b46        0x2 
 .rodata.__func__.3
                0x10007b48       0x17 ColectData/CMakeFiles/getData.dir/C_/Program_Files/Raspberry_Pi/Pico_SDK_v1.5.1/pico-sdk/src/common/pico_time/time.c.obj
 *fill*         0x10007b5f        0x1 
 .rodata.__func__.4
                0x10007b60       0x12 ColectData/CMakeFiles/getData.dir/C_/Program_Files/Raspberry_Pi/Pico_SDK_v1.5.1/pico-sdk/src/common/pico_time/time.c.obj
 *fill*         0x10007b72        0x2 
 .rodata.__func__.5
                0x10007b74        0xd ColectData/CMakeFiles/getData.dir/C_/Program_Files/Raspberry_Pi/Pico_SDK_v1.5.1/pico-sdk/src/common/pico_time/time.c.obj
 *fill*         0x10007b81        0x3 
 .rodata.__func__.6
                0x10007b84       0x12 ColectData/CMakeFiles/getData.dir/C_/Program_Files/Raspberry_Pi/Pico_SDK_v1.5.1/pico-sdk/src/common/pico_time/time.c.obj
 *fill*         0x10007b96        0x2 
 .rodata.__func__.7
                0x10007b98        0xf ColectData/CMakeFiles/getData.dir/C_/Program_Files/Raspberry_Pi/Pico_SDK_v1.5.1/pico-sdk/src/common/pico_time/time.c.obj
 *fill*         0x10007ba7        0x1 
 .rodata.__func__.8
                0x10007ba8        0xc ColectData/CMakeFiles/getData.dir/C_/Program_Files/Raspberry_Pi/Pico_SDK_v1.5.1/pico-sdk/src/common/pico_time/time.c.obj
 .rodata.__func__.9
                0x10007bb4       0x15 ColectData/CMakeFiles/getData.dir/C_/Program_Files/Raspberry_Pi/Pico_SDK_v1.5.1/pico-sdk/src/common/pico_time/time.c.obj
 *fill*         0x10007bc9        0x3 
 .rodata.hardware_alarm_claim.str1.4
                0x10007bcc       0x22 ColectData/CMakeFiles/getData.dir/C_/Program_Files/Raspberry_Pi/Pico_SDK_v1.5.1/pico-sdk/src/rp2_common/hardware_timer/timer.c.obj
 *fill*         0x10007bee        0x2 
 .rodata.hardware_alarm_set_target.str1.4
                0x10007bf0       0x81 ColectData/CMakeFiles/getData.dir/C_/Program_Files/Raspberry_Pi/Pico_SDK_v1.5.1/pico-sdk/src/rp2_common/hardware_timer/timer.c.obj
 *fill*         0x10007c71        0x3 
 .rodata.__func__.0
                0x10007c74       0x1a ColectData/CMakeFiles/getData.dir/C_/Program_Files/Raspberry_Pi/Pico_SDK_v1.5.1/pico-sdk/src/rp2_common/hardware_timer/timer.c.obj
 .rodata.ph_add_child_node.str1.4
                0x10007c8e       0xb2 ColectData/CMakeFiles/getData.dir/C_/Program_Files/Raspberry_Pi/Pico_SDK_v1.5.1/pico-sdk/src/common/pico_util/pheap.c.obj
 *fill*         0x10007c8e        0x2 
 .rodata.ph_remove_any_head.str1.4
                0x10007c90       0xa8 ColectData/CMakeFiles/getData.dir/C_/Program_Files/Raspberry_Pi/Pico_SDK_v1.5.1/pico-sdk/src/common/pico_util/pheap.c.obj
                                 0xbc (size before relaxing)
 .rodata.ph_remove_and_free_node.str1.4
                0x10007d38       0x1e ColectData/CMakeFiles/getData.dir/C_/Program_Files/Raspberry_Pi/Pico_SDK_v1.5.1/pico-sdk/src/common/pico_util/pheap.c.obj
                                 0x26 (size before relaxing)
 *fill*         0x10007d56        0x2 
 .rodata.__func__.0
                0x10007d58       0x18 ColectData/CMakeFiles/getData.dir/C_/Program_Files/Raspberry_Pi/Pico_SDK_v1.5.1/pico-sdk/src/common/pico_util/pheap.c.obj
 .rodata.__func__.1
                0x10007d70       0x13 ColectData/CMakeFiles/getData.dir/C_/Program_Files/Raspberry_Pi/Pico_SDK_v1.5.1/pico-sdk/src/common/pico_util/pheap.c.obj
 *fill*         0x10007d83        0x1 
 .rodata.__func__.2
                0x10007d84       0x12 ColectData/CMakeFiles/getData.dir/C_/Program_Files/Raspberry_Pi/Pico_SDK_v1.5.1/pico-sdk/src/common/pico_util/pheap.c.obj
 *fill*         0x10007d96        0x2 
 .rodata.__func__.3
                0x10007d98        0xc ColectData/CMakeFiles/getData.dir/C_/Program_Files/Raspberry_Pi/Pico_SDK_v1.5.1/pico-sdk/src/common/pico_util/pheap.c.obj
 .rodata.clock_configure.str1.4
                0x10007da4       0x73 ColectData/CMakeFiles/getData.dir/C_/Program_Files/Raspberry_Pi/Pico_SDK_v1.5.1/pico-sdk/src/rp2_common/hardware_clocks/clocks.c.obj
 *fill*         0x10007e17        0x1 
 .rodata.__func__.1
                0x10007e18       0x10 ColectData/CMakeFiles/getData.dir/C_/Program_Files/Raspberry_Pi/Pico_SDK_v1.5.1/pico-sdk/src/rp2_common/hardware_clocks/clocks.c.obj
 .rodata.pll_init.str1.4
                0x10007e28      0x140 ColectData/CMakeFiles/getData.dir/C_/Program_Files/Raspberry_Pi/Pico_SDK_v1.5.1/pico-sdk/src/rp2_common/hardware_pll/pll.c.obj
 .rodata.__func__.0
                0x10007f68        0x9 ColectData/CMakeFiles/getData.dir/C_/Program_Files/Raspberry_Pi/Pico_SDK_v1.5.1/pico-sdk/src/rp2_common/hardware_pll/pll.c.obj
 *fill*         0x10007f71        0x3 
 .rodata.__assert_func.str1.4
                0x10007f74       0x3f ColectData/CMakeFiles/getData.dir/C_/Program_Files/Raspberry_Pi/Pico_SDK_v1.5.1/pico-sdk/src/rp2_common/pico_runtime/runtime.c.obj
                                 0x43 (size before relaxing)
 *fill*         0x10007fb3        0x1 
 .rodata.runtime_init.str1.4
                0x10007fb4       0x7d ColectData/CMakeFiles/getData.dir/C_/Program_Files/Raspberry_Pi/Pico_SDK_v1.5.1/pico-sdk/src/rp2_common/pico_runtime/runtime.c.obj
 *fill*         0x10008031        0x3 
 .rodata.panic.str1.4
                0x10008034       0x10 ColectData/CMakeFiles/getData.dir/C_/Program_Files/Raspberry_Pi/Pico_SDK_v1.5.1/pico-sdk/src/rp2_common/pico_runtime/runtime.c.obj
                                 0x12 (size before relaxing)
 .rodata.__func__.2
                0x10008044        0xd ColectData/CMakeFiles/getData.dir/C_/Program_Files/Raspberry_Pi/Pico_SDK_v1.5.1/pico-sdk/src/rp2_common/pico_runtime/runtime.c.obj
 *fill*         0x10008051        0x3 
 .rodata._ftoa.str1.4
                0x10008054       0x15 ColectData/CMakeFiles/getData.dir/C_/Program_Files/Raspberry_Pi/Pico_SDK_v1.5.1/pico-sdk/src/rp2_common/pico_printf/printf.c.obj
 *fill*         0x10008069        0x3 
 .rodata._vsnprintf
                0x1000806c      0x1e0 ColectData/CMakeFiles/getData.dir/C_/Program_Files/Raspberry_Pi/Pico_SDK_v1.5.1/pico-sdk/src/rp2_common/pico_printf/printf.c.obj
 *fill*         0x1000824c        0x4 
 .rodata.pow10.0
                0x10008250       0x50 ColectData/CMakeFiles/getData.dir/C_/Program_Files/Raspberry_Pi/Pico_SDK_v1.5.1/pico-sdk/src/rp2_common/pico_printf/printf.c.obj
 .rodata.__aeabi_double_init.str1.4
                0x100082a0       0xb8 ColectData/CMakeFiles/getData.dir/C_/Program_Files/Raspberry_Pi/Pico_SDK_v1.5.1/pico-sdk/src/rp2_common/pico_double/double_init_rom.c.obj
 .rodata.__func__.0
                0x10008358       0x14 ColectData/CMakeFiles/getData.dir/C_/Program_Files/Raspberry_Pi/Pico_SDK_v1.5.1/pico-sdk/src/rp2_common/pico_double/double_init_rom.c.obj
 .rodata.__aeabi_float_init.str1.4
                0x1000836c       0x96 ColectData/CMakeFiles/getData.dir/C_/Program_Files/Raspberry_Pi/Pico_SDK_v1.5.1/pico-sdk/src/rp2_common/pico_float/float_init_rom.c.obj
                                 0x9a (size before relaxing)
 *fill*         0x10008402        0x2 
 .rodata.__func__.0
                0x10008404       0x13 ColectData/CMakeFiles/getData.dir/C_/Program_Files/Raspberry_Pi/Pico_SDK_v1.5.1/pico-sdk/src/rp2_common/pico_float/float_init_rom.c.obj
 *fill*         0x10008417        0x1 
 .rodata.str1.4
                0x10008418       0x80 ColectData/CMakeFiles/getData.dir/C_/Program_Files/Raspberry_Pi/Pico_SDK_v1.5.1/pico-sdk/src/rp2_common/pico_standard_link/binary_info.c.obj
 .rodata.__bi_44
                0x10008498        0xc ColectData/CMakeFiles/getData.dir/C_/Program_Files/Raspberry_Pi/Pico_SDK_v1.5.1/pico-sdk/src/rp2_common/pico_standard_link/binary_info.c.obj
 .rodata.__bi_69
                0x100084a4        0xc ColectData/CMakeFiles/getData.dir/C_/Program_Files/Raspberry_Pi/Pico_SDK_v1.5.1/pico-sdk/src/rp2_common/pico_standard_link/binary_info.c.obj
 .rodata.__bi_75
                0x100084b0        0xc ColectData/CMakeFiles/getData.dir/C_/Program_Files/Raspberry_Pi/Pico_SDK_v1.5.1/pico-sdk/src/rp2_common/pico_standard_link/binary_info.c.obj
 .rodata.__bi_81
                0x100084bc        0xc ColectData/CMakeFiles/getData.dir/C_/Program_Files/Raspberry_Pi/Pico_SDK_v1.5.1/pico-sdk/src/rp2_common/pico_standard_link/binary_info.c.obj
 .rodata.stdout_serialize_begin.str1.4
                0x100084c8       0x7d ColectData/CMakeFiles/getData.dir/C_/Program_Files/Raspberry_Pi/Pico_SDK_v1.5.1/pico-sdk/src/rp2_common/pico_stdio/stdio.c.obj
 .rodata.__func__.3
                0x100084c8       0x15 ColectData/CMakeFiles/getData.dir/C_/Program_Files/Raspberry_Pi/Pico_SDK_v1.5.1/pico-sdk/src/rp2_common/pico_stdio/stdio.c.obj
 *fill*         0x100084dd        0x3 
 .rodata.crlf_str.2
                0x100084e0        0x2 ColectData/CMakeFiles/getData.dir/C_/Program_Files/Raspberry_Pi/Pico_SDK_v1.5.1/pico-sdk/src/rp2_common/pico_stdio/stdio.c.obj
 *fill*         0x100084e2        0x2 
 .rodata._resetd_driver
                0x100084e4       0x18 ColectData/CMakeFiles/getData.dir/C_/Program_Files/Raspberry_Pi/Pico_SDK_v1.5.1/pico-sdk/src/rp2_common/pico_stdio_usb/reset_interface.c.obj
 .rodata.low_priority_worker_irq.str1.4
                0x100084fc       0x7d ColectData/CMakeFiles/getData.dir/C_/Program_Files/Raspberry_Pi/Pico_SDK_v1.5.1/pico-sdk/src/rp2_common/pico_stdio_usb/stdio_usb.c.obj
 .rodata.stdio_usb_init.str1.4
                0x100084fc       0x61 ColectData/CMakeFiles/getData.dir/C_/Program_Files/Raspberry_Pi/Pico_SDK_v1.5.1/pico-sdk/src/rp2_common/pico_stdio_usb/stdio_usb.c.obj
                                 0x69 (size before relaxing)
 *fill*         0x1000855d        0x3 
 .rodata.str1.4
                0x10008560       0x13 ColectData/CMakeFiles/getData.dir/C_/Program_Files/Raspberry_Pi/Pico_SDK_v1.5.1/pico-sdk/src/rp2_common/pico_stdio_usb/stdio_usb.c.obj
 *fill*         0x10008573        0x1 
 .rodata.__bi_182.0
                0x10008574        0xc ColectData/CMakeFiles/getData.dir/C_/Program_Files/Raspberry_Pi/Pico_SDK_v1.5.1/pico-sdk/src/rp2_common/pico_stdio_usb/stdio_usb.c.obj
 .rodata.__func__.1
                0x10008580        0xf ColectData/CMakeFiles/getData.dir/C_/Program_Files/Raspberry_Pi/Pico_SDK_v1.5.1/pico-sdk/src/rp2_common/pico_stdio_usb/stdio_usb.c.obj
 *fill*         0x1000858f        0x1 
 .rodata.__func__.3
                0x10008590       0x15 ColectData/CMakeFiles/getData.dir/C_/Program_Files/Raspberry_Pi/Pico_SDK_v1.5.1/pico-sdk/src/rp2_common/pico_stdio_usb/stdio_usb.c.obj
 *fill*         0x100085a5        0x3 
 .rodata.str1.4
                0x100085a8       0x2a ColectData/CMakeFiles/getData.dir/C_/Program_Files/Raspberry_Pi/Pico_SDK_v1.5.1/pico-sdk/src/rp2_common/pico_stdio_usb/stdio_usb_descriptors.c.obj
 *fill*         0x100085d2        0x2 
 .rodata.usbd_desc_cfg
                0x100085d4       0x54 ColectData/CMakeFiles/getData.dir/C_/Program_Files/Raspberry_Pi/Pico_SDK_v1.5.1/pico-sdk/src/rp2_common/pico_stdio_usb/stdio_usb_descriptors.c.obj
 .rodata.usbd_desc_device
                0x10008628       0x12 ColectData/CMakeFiles/getData.dir/C_/Program_Files/Raspberry_Pi/Pico_SDK_v1.5.1/pico-sdk/src/rp2_common/pico_stdio_usb/stdio_usb_descriptors.c.obj
 *fill*         0x1000863a        0x2 
 .rodata.usbd_desc_str
                0x1000863c       0x18 ColectData/CMakeFiles/getData.dir/C_/Program_Files/Raspberry_Pi/Pico_SDK_v1.5.1/pico-sdk/src/rp2_common/pico_stdio_usb/stdio_usb_descriptors.c.obj
 .rodata.pico_get_unique_board_id_string.str1.4
                0x10008654       0x69 ColectData/CMakeFiles/getData.dir/C_/Program_Files/Raspberry_Pi/Pico_SDK_v1.5.1/pico-sdk/src/rp2_common/pico_unique_id/unique_id.c.obj
 *fill*         0x100086bd        0x3 
 .rodata.__func__.0
                0x100086c0       0x20 ColectData/CMakeFiles/getData.dir/C_/Program_Files/Raspberry_Pi/Pico_SDK_v1.5.1/pico-sdk/src/rp2_common/pico_unique_id/unique_id.c.obj
 .rodata.str1.4
                0x100086e0      0x176 ColectData/CMakeFiles/getData.dir/C_/Program_Files/Raspberry_Pi/Pico_SDK_v1.5.1/pico-sdk/src/rp2_common/hardware_flash/flash.c.obj
 *fill*         0x10008856        0x2 
 .rodata.__func__.0
                0x10008858        0xd ColectData/CMakeFiles/getData.dir/C_/Program_Files/Raspberry_Pi/Pico_SDK_v1.5.1/pico-sdk/src/rp2_common/hardware_flash/flash.c.obj
 *fill*         0x10008865        0x3 
 .rodata._hw_endpoint_alloc.str1.4
                0x10008868       0xd1 ColectData/CMakeFiles/getData.dir/C_/Program_Files/Raspberry_Pi/Pico_SDK_v1.5.1/pico-sdk/lib/tinyusb/src/portable/raspberrypi/rp2040/dcd_rp2040.c.obj
 *fill*         0x10008939        0x3 
 .rodata.str1.4
                0x1000893c       0x14 ColectData/CMakeFiles/getData.dir/C_/Program_Files/Raspberry_Pi/Pico_SDK_v1.5.1/pico-sdk/lib/tinyusb/src/portable/raspberrypi/rp2040/dcd_rp2040.c.obj
 .rodata.dcd_int_enable.str1.4
                0x10008950        0xc ColectData/CMakeFiles/getData.dir/C_/Program_Files/Raspberry_Pi/Pico_SDK_v1.5.1/pico-sdk/lib/tinyusb/src/portable/raspberrypi/rp2040/dcd_rp2040.c.obj
 .rodata.__func__.0
                0x1000895c        0xe ColectData/CMakeFiles/getData.dir/C_/Program_Files/Raspberry_Pi/Pico_SDK_v1.5.1/pico-sdk/lib/tinyusb/src/portable/raspberrypi/rp2040/dcd_rp2040.c.obj
 *fill*         0x1000896a        0x2 
 .rodata.__func__.1
                0x1000896c        0xe ColectData/CMakeFiles/getData.dir/C_/Program_Files/Raspberry_Pi/Pico_SDK_v1.5.1/pico-sdk/lib/tinyusb/src/portable/raspberrypi/rp2040/dcd_rp2040.c.obj
 *fill*         0x1000897a        0x2 
 .rodata.__func__.3
                0x1000897c       0x10 ColectData/CMakeFiles/getData.dir/C_/Program_Files/Raspberry_Pi/Pico_SDK_v1.5.1/pico-sdk/lib/tinyusb/src/portable/raspberrypi/rp2040/dcd_rp2040.c.obj
 .rodata.__func__.5
                0x1000898c        0xf ColectData/CMakeFiles/getData.dir/C_/Program_Files/Raspberry_Pi/Pico_SDK_v1.5.1/pico-sdk/lib/tinyusb/src/portable/raspberrypi/rp2040/dcd_rp2040.c.obj
 *fill*         0x1000899b        0x1 
 .rodata.__func__.6
                0x1000899c       0x13 ColectData/CMakeFiles/getData.dir/C_/Program_Files/Raspberry_Pi/Pico_SDK_v1.5.1/pico-sdk/lib/tinyusb/src/portable/raspberrypi/rp2040/dcd_rp2040.c.obj
 *fill*         0x100089af        0x1 
 .rodata.__func__.7
                0x100089b0        0x9 ColectData/CMakeFiles/getData.dir/C_/Program_Files/Raspberry_Pi/Pico_SDK_v1.5.1/pico-sdk/lib/tinyusb/src/portable/raspberrypi/rp2040/dcd_rp2040.c.obj
 *fill*         0x100089b9        0x3 
 .rodata.str1.4
                0x100089bc      0x103 ColectData/CMakeFiles/getData.dir/C_/Program_Files/Raspberry_Pi/Pico_SDK_v1.5.1/pico-sdk/lib/tinyusb/src/portable/raspberrypi/rp2040/rp2040_usb.c.obj
 *fill*         0x10008abf        0x1 
 .rodata.__func__.0
                0x10008ac0        0xf ColectData/CMakeFiles/getData.dir/C_/Program_Files/Raspberry_Pi/Pico_SDK_v1.5.1/pico-sdk/lib/tinyusb/src/portable/raspberrypi/rp2040/rp2040_usb.c.obj
 *fill*         0x10008acf        0x1 
 .rodata.process_get_descriptor
                0x10008ad0       0x40 ColectData/CMakeFiles/getData.dir/C_/Program_Files/Raspberry_Pi/Pico_SDK_v1.5.1/pico-sdk/lib/tinyusb/src/device/usbd.c.obj
 .rodata.process_control_request
                0x10008b10       0x28 ColectData/CMakeFiles/getData.dir/C_/Program_Files/Raspberry_Pi/Pico_SDK_v1.5.1/pico-sdk/lib/tinyusb/src/device/usbd.c.obj
 .rodata.tud_task_ext
                0x10008b38       0x24 ColectData/CMakeFiles/getData.dir/C_/Program_Files/Raspberry_Pi/Pico_SDK_v1.5.1/pico-sdk/lib/tinyusb/src/device/usbd.c.obj
 .rodata._usbd_driver
                0x10008b5c       0x18 ColectData/CMakeFiles/getData.dir/C_/Program_Files/Raspberry_Pi/Pico_SDK_v1.5.1/pico-sdk/lib/tinyusb/src/device/usbd.c.obj
 .rodata.i2c_set_baudrate.str1.4
                0x10008b74       0x79 ColectData/CMakeFiles/getData.dir/C_/Program_Files/Raspberry_Pi/Pico_SDK_v1.5.1/pico-sdk/src/rp2_common/hardware_i2c/i2c.c.obj
 *fill*         0x10008bed        0x3 
 .rodata.__func__.0
                0x10008bf0       0x11 ColectData/CMakeFiles/getData.dir/C_/Program_Files/Raspberry_Pi/Pico_SDK_v1.5.1/pico-sdk/src/rp2_common/hardware_i2c/i2c.c.obj
 *fill*         0x10008c01        0x3 
 .rodata.start_i2c.str1.4
                0x10008c04       0x1a mpu_9250/libpico_mpu_9250_object.a(mpu9250.c.obj)
                0x10008c20                . = ALIGN (0x4)
 *fill*         0x10008c1e        0x2 
 *(SORT_BY_ALIGNMENT(SORT_BY_NAME(.flashdata*)))
                0x10008c20                . = ALIGN (0x4)

.ARM.extab
 *(.ARM.extab* .gnu.linkonce.armextab.*)
                0x10008c20                __exidx_start = .

.ARM.exidx
 *(.ARM.exidx* .gnu.linkonce.armexidx.*)
                0x10008c20                __exidx_end = .
                0x10008c20                . = ALIGN (0x4)
                0x10008c20                __binary_info_start = .

.binary_info    0x10008c20       0x24
 *(.binary_info.keep.*)
 .binary_info.keep.__bi_ptr22
                0x10008c20        0x4 ColectData/CMakeFiles/getData.dir/C_/Program_Files/Raspberry_Pi/Pico_SDK_v1.5.1/pico-sdk/src/rp2_common/pico_standard_link/binary_info.c.obj
 .binary_info.keep.__bi_ptr30
                0x10008c24        0x4 ColectData/CMakeFiles/getData.dir/C_/Program_Files/Raspberry_Pi/Pico_SDK_v1.5.1/pico-sdk/src/rp2_common/pico_standard_link/binary_info.c.obj
 .binary_info.keep.__bi_ptr38
                0x10008c28        0x4 ColectData/CMakeFiles/getData.dir/C_/Program_Files/Raspberry_Pi/Pico_SDK_v1.5.1/pico-sdk/src/rp2_common/pico_standard_link/binary_info.c.obj
 .binary_info.keep.__bi_ptr44
                0x10008c2c        0x4 ColectData/CMakeFiles/getData.dir/C_/Program_Files/Raspberry_Pi/Pico_SDK_v1.5.1/pico-sdk/src/rp2_common/pico_standard_link/binary_info.c.obj
 .binary_info.keep.__bi_ptr50
                0x10008c30        0x4 ColectData/CMakeFiles/getData.dir/C_/Program_Files/Raspberry_Pi/Pico_SDK_v1.5.1/pico-sdk/src/rp2_common/pico_standard_link/binary_info.c.obj
 .binary_info.keep.__bi_ptr69
                0x10008c34        0x4 ColectData/CMakeFiles/getData.dir/C_/Program_Files/Raspberry_Pi/Pico_SDK_v1.5.1/pico-sdk/src/rp2_common/pico_standard_link/binary_info.c.obj
 .binary_info.keep.__bi_ptr75
                0x10008c38        0x4 ColectData/CMakeFiles/getData.dir/C_/Program_Files/Raspberry_Pi/Pico_SDK_v1.5.1/pico-sdk/src/rp2_common/pico_standard_link/binary_info.c.obj
 .binary_info.keep.__bi_ptr81